Archive member included to satisfy reference by file (symbol)

O:/programs/STMicroelectronics/STM32CubeIDE_1.13.1/STM32CubeIDE/plugins/com.st.stm32cube.ide.mcu.externaltools.gnu-tools-for-stm32.11.3.rel1.win32_1.1.0.202305231506/tools/bin/../lib/gcc/arm-none-eabi/11.3.1/../../../../arm-none-eabi/lib/thumb/v7e-m+fp/hard\libc_nano.a(libc_a-exit.o)
                              O:/programs/STMicroelectronics/STM32CubeIDE_1.13.1/STM32CubeIDE/plugins/com.st.stm32cube.ide.mcu.externaltools.gnu-tools-for-stm32.11.3.rel1.win32_1.1.0.202305231506/tools/bin/../lib/gcc/arm-none-eabi/11.3.1/../../../../arm-none-eabi/lib/thumb/v7e-m+fp/hard/crt0.o (exit)
O:/programs/STMicroelectronics/STM32CubeIDE_1.13.1/STM32CubeIDE/plugins/com.st.stm32cube.ide.mcu.externaltools.gnu-tools-for-stm32.11.3.rel1.win32_1.1.0.202305231506/tools/bin/../lib/gcc/arm-none-eabi/11.3.1/../../../../arm-none-eabi/lib/thumb/v7e-m+fp/hard\libc_nano.a(libc_a-nano-vfprintf_float.o)
                              (_printf_float)
O:/programs/STMicroelectronics/STM32CubeIDE_1.13.1/STM32CubeIDE/plugins/com.st.stm32cube.ide.mcu.externaltools.gnu-tools-for-stm32.11.3.rel1.win32_1.1.0.202305231506/tools/bin/../lib/gcc/arm-none-eabi/11.3.1/../../../../arm-none-eabi/lib/thumb/v7e-m+fp/hard\libc_nano.a(libc_a-nano-vfprintf_i.o)
                              O:/programs/STMicroelectronics/STM32CubeIDE_1.13.1/STM32CubeIDE/plugins/com.st.stm32cube.ide.mcu.externaltools.gnu-tools-for-stm32.11.3.rel1.win32_1.1.0.202305231506/tools/bin/../lib/gcc/arm-none-eabi/11.3.1/../../../../arm-none-eabi/lib/thumb/v7e-m+fp/hard\libc_nano.a(libc_a-nano-vfprintf_float.o) (_printf_common)
O:/programs/STMicroelectronics/STM32CubeIDE_1.13.1/STM32CubeIDE/plugins/com.st.stm32cube.ide.mcu.externaltools.gnu-tools-for-stm32.11.3.rel1.win32_1.1.0.202305231506/tools/bin/../lib/gcc/arm-none-eabi/11.3.1/../../../../arm-none-eabi/lib/thumb/v7e-m+fp/hard\libc_nano.a(libc_a-findfp.o)
                              O:/programs/STMicroelectronics/STM32CubeIDE_1.13.1/STM32CubeIDE/plugins/com.st.stm32cube.ide.mcu.externaltools.gnu-tools-for-stm32.11.3.rel1.win32_1.1.0.202305231506/tools/bin/../lib/gcc/arm-none-eabi/11.3.1/../../../../arm-none-eabi/lib/thumb/v7e-m+fp/hard\libc_nano.a(libc_a-exit.o) (__stdio_exit_handler)
O:/programs/STMicroelectronics/STM32CubeIDE_1.13.1/STM32CubeIDE/plugins/com.st.stm32cube.ide.mcu.externaltools.gnu-tools-for-stm32.11.3.rel1.win32_1.1.0.202305231506/tools/bin/../lib/gcc/arm-none-eabi/11.3.1/../../../../arm-none-eabi/lib/thumb/v7e-m+fp/hard\libc_nano.a(libc_a-fwalk.o)
                              O:/programs/STMicroelectronics/STM32CubeIDE_1.13.1/STM32CubeIDE/plugins/com.st.stm32cube.ide.mcu.externaltools.gnu-tools-for-stm32.11.3.rel1.win32_1.1.0.202305231506/tools/bin/../lib/gcc/arm-none-eabi/11.3.1/../../../../arm-none-eabi/lib/thumb/v7e-m+fp/hard\libc_nano.a(libc_a-findfp.o) (_fwalk_sglue)
O:/programs/STMicroelectronics/STM32CubeIDE_1.13.1/STM32CubeIDE/plugins/com.st.stm32cube.ide.mcu.externaltools.gnu-tools-for-stm32.11.3.rel1.win32_1.1.0.202305231506/tools/bin/../lib/gcc/arm-none-eabi/11.3.1/../../../../arm-none-eabi/lib/thumb/v7e-m+fp/hard\libc_nano.a(libc_a-sprintf.o)
                              ./Core/Src/espATcommands.o (sprintf)
O:/programs/STMicroelectronics/STM32CubeIDE_1.13.1/STM32CubeIDE/plugins/com.st.stm32cube.ide.mcu.externaltools.gnu-tools-for-stm32.11.3.rel1.win32_1.1.0.202305231506/tools/bin/../lib/gcc/arm-none-eabi/11.3.1/../../../../arm-none-eabi/lib/thumb/v7e-m+fp/hard\libc_nano.a(libc_a-stdio.o)
                              O:/programs/STMicroelectronics/STM32CubeIDE_1.13.1/STM32CubeIDE/plugins/com.st.stm32cube.ide.mcu.externaltools.gnu-tools-for-stm32.11.3.rel1.win32_1.1.0.202305231506/tools/bin/../lib/gcc/arm-none-eabi/11.3.1/../../../../arm-none-eabi/lib/thumb/v7e-m+fp/hard\libc_nano.a(libc_a-findfp.o) (__sread)
O:/programs/STMicroelectronics/STM32CubeIDE_1.13.1/STM32CubeIDE/plugins/com.st.stm32cube.ide.mcu.externaltools.gnu-tools-for-stm32.11.3.rel1.win32_1.1.0.202305231506/tools/bin/../lib/gcc/arm-none-eabi/11.3.1/../../../../arm-none-eabi/lib/thumb/v7e-m+fp/hard\libc_nano.a(libc_a-memset.o)
                              O:/programs/STMicroelectronics/STM32CubeIDE_1.13.1/STM32CubeIDE/plugins/com.st.stm32cube.ide.mcu.externaltools.gnu-tools-for-stm32.11.3.rel1.win32_1.1.0.202305231506/tools/bin/../lib/gcc/arm-none-eabi/11.3.1/../../../../arm-none-eabi/lib/thumb/v7e-m+fp/hard/crt0.o (memset)
O:/programs/STMicroelectronics/STM32CubeIDE_1.13.1/STM32CubeIDE/plugins/com.st.stm32cube.ide.mcu.externaltools.gnu-tools-for-stm32.11.3.rel1.win32_1.1.0.202305231506/tools/bin/../lib/gcc/arm-none-eabi/11.3.1/../../../../arm-none-eabi/lib/thumb/v7e-m+fp/hard\libc_nano.a(libc_a-localeconv.o)
[...]
Memory Configuration

Name             Origin             Length             Attributes
RAM              0x0000000020000000 0x0000000000004000 xrw
FLASH            0x0000000008000000 0x0000000000010000 xr
*default*        0x0000000000000000 0xffffffffffffffff

Linker script and memory map

LOAD O:/programs/STMicroelectronics/STM32CubeIDE_1.13.1/STM32CubeIDE/plugins/com.st.stm32cube.ide.mcu.externaltools.gnu-tools-for-stm32.11.3.rel1.win32_1.1.0.202305231506/tools/bin/../lib/gcc/arm-none-eabi/11.3.1/thumb/v7e-m+fp/hard/crti.o
LOAD O:/programs/STMicroelectronics/STM32CubeIDE_1.13.1/STM32CubeIDE/plugins/com.st.stm32cube.ide.mcu.externaltools.gnu-tools-for-stm32.11.3.rel1.win32_1.1.0.202305231506/tools/bin/../lib/gcc/arm-none-eabi/11.3.1/thumb/v7e-m+fp/hard/crtbegin.o
LOAD O:/programs/STMicroelectronics/STM32CubeIDE_1.13.1/STM32CubeIDE/plugins/com.st.stm32cube.ide.mcu.externaltools.gnu-tools-for-stm32.11.3.rel1.win32_1.1.0.202305231506/tools/bin/../lib/gcc/arm-none-eabi/11.3.1/../../../../arm-none-eabi/lib/thumb/v7e-m+fp/hard/crt0.o
LOAD ./Core/Src/adxl345.o
LOAD ./Core/Src/espATcommands.o
LOAD ./Core/Src/freertos.o
LOAD ./Core/Src/main.o
LOAD ./Core/Src/stm32f3xx_hal_msp.o
LOAD ./Core/Src/stm32f3xx_hal_timebase_tim.o
LOAD ./Core/Src/stm32f3xx_it.o
LOAD ./Core/Src/syscalls.o
LOAD ./Core/Src/sysmem.o
LOAD ./Core/Src/system_stm32f3xx.o
LOAD ./Core/Startup/startup_stm32f301c8tx.o
LOAD ./Drivers/STM32F3xx_HAL_Driver/Src/stm32f3xx_hal.o
LOAD ./Drivers/STM32F3xx_HAL_Driver/Src/stm32f3xx_hal_adc.o
LOAD ./Drivers/STM32F3xx_HAL_Driver/Src/stm32f3xx_hal_adc_ex.o
LOAD ./Drivers/STM32F3xx_HAL_Driver/Src/stm32f3xx_hal_cortex.o
LOAD ./Drivers/STM32F3xx_HAL_Driver/Src/stm32f3xx_hal_dma.o
LOAD ./Drivers/STM32F3xx_HAL_Driver/Src/stm32f3xx_hal_exti.o
LOAD ./Drivers/STM32F3xx_HAL_Driver/Src/stm32f3xx_hal_flash.o
LOAD ./Drivers/STM32F3xx_HAL_Driver/Src/stm32f3xx_hal_flash_ex.o
LOAD ./Drivers/STM32F3xx_HAL_Driver/Src/stm32f3xx_hal_gpio.o
LOAD ./Drivers/STM32F3xx_HAL_Driver/Src/stm32f3xx_hal_i2c.o
LOAD ./Drivers/STM32F3xx_HAL_Driver/Src/stm32f3xx_hal_i2c_ex.o
LOAD ./Drivers/STM32F3xx_HAL_Driver/Src/stm32f3xx_hal_pwr.o
LOAD ./Drivers/STM32F3xx_HAL_Driver/Src/stm32f3xx_hal_pwr_ex.o
LOAD ./Drivers/STM32F3xx_HAL_Driver/Src/stm32f3xx_hal_rcc.o
LOAD ./Drivers/STM32F3xx_HAL_Driver/Src/stm32f3xx_hal_rcc_ex.o
LOAD ./Drivers/STM32F3xx_HAL_Driver/Src/stm32f3xx_hal_spi.o
LOAD ./Drivers/STM32F3xx_HAL_Driver/Src/stm32f3xx_hal_spi_ex.o
LOAD ./Drivers/STM32F3xx_HAL_Driver/Src/stm32f3xx_hal_tim.o
LOAD ./Drivers/STM32F3xx_HAL_Driver/Src/stm32f3xx_hal_tim_ex.o
LOAD ./Drivers/STM32F3xx_HAL_Driver/Src/stm32f3xx_hal_uart.o
LOAD ./Drivers/STM32F3xx_HAL_Driver/Src/stm32f3xx_hal_uart_ex.o
LOAD ./Middlewares/Third_Party/FreeRTOS/Source/CMSIS_RTOS/cmsis_os.o
LOAD ./Middlewares/Third_Party/FreeRTOS/Source/croutine.o
LOAD ./Middlewares/Third_Party/FreeRTOS/Source/event_groups.o
LOAD ./Middlewares/Third_Party/FreeRTOS/Source/list.o
LOAD ./Middlewares/Third_Party/FreeRTOS/Source/queue.o
LOAD ./Middlewares/Third_Party/FreeRTOS/Source/stream_buffer.o
LOAD ./Middlewares/Third_Party/FreeRTOS/Source/tasks.o
LOAD ./Middlewares/Third_Party/FreeRTOS/Source/timers.o
LOAD ./Middlewares/Third_Party/FreeRTOS/Source/portable/GCC/ARM_CM4F/port.o
LOAD ./Middlewares/Third_Party/FreeRTOS/Source/portable/MemMang/heap_4.o
START GROUP
LOAD O:/programs/STMicroelectronics/STM32CubeIDE_1.13.1/STM32CubeIDE/plugins/com.st.stm32cube.ide.mcu.externaltools.gnu-tools-for-stm32.11.3.rel1.win32_1.1.0.202305231506/tools/bin/../lib/gcc/arm-none-eabi/11.3.1/../../../../arm-none-eabi/lib/thumb/v7e-m+fp/hard\libc_nano.a
LOAD O:/programs/STMicroelectronics/STM32CubeIDE_1.13.1/STM32CubeIDE/plugins/com.st.stm32cube.ide.mcu.externaltools.gnu-tools-for-stm32.11.3.rel1.win32_1.1.0.202305231506/tools/bin/../lib/gcc/arm-none-eabi/11.3.1/../../../../arm-none-eabi/lib/thumb/v7e-m+fp/hard\libm.a
END GROUP
START GROUP
LOAD O:/programs/STMicroelectronics/STM32CubeIDE_1.13.1/STM32CubeIDE/plugins/com.st.stm32cube.ide.mcu.externaltools.gnu-tools-for-stm32.11.3.rel1.win32_1.1.0.202305231506/tools/bin/../lib/gcc/arm-none-eabi/11.3.1/thumb/v7e-m+fp/hard\libgcc.a
LOAD O:/programs/STMicroelectronics/STM32CubeIDE_1.13.1/STM32CubeIDE/plugins/com.st.stm32cube.ide.mcu.externaltools.gnu-tools-for-stm32.11.3.rel1.win32_1.1.0.202305231506/tools/bin/../lib/gcc/arm-none-eabi/11.3.1/../../../../arm-none-eabi/lib/thumb/v7e-m+fp/hard\libc_nano.a
END GROUP
START GROUP
LOAD O:/programs/STMicroelectronics/STM32CubeIDE_1.13.1/STM32CubeIDE/plugins/com.st.stm32cube.ide.mcu.externaltools.gnu-tools-for-stm32.11.3.rel1.win32_1.1.0.202305231506/tools/bin/../lib/gcc/arm-none-eabi/11.3.1/thumb/v7e-m+fp/hard\libgcc.a
LOAD O:/programs/STMicroelectronics/STM32CubeIDE_1.13.1/STM32CubeIDE/plugins/com.st.stm32cube.ide.mcu.externaltools.gnu-tools-for-stm32.11.3.rel1.win32_1.1.0.202305231506/tools/bin/../lib/gcc/arm-none-eabi/11.3.1/../../../../arm-none-eabi/lib/thumb/v7e-m+fp/hard\libc_nano.a
LOAD O:/programs/STMicroelectronics/STM32CubeIDE_1.13.1/STM32CubeIDE/plugins/com.st.stm32cube.ide.mcu.externaltools.gnu-tools-for-stm32.11.3.rel1.win32_1.1.0.202305231506/tools/bin/../lib/gcc/arm-none-eabi/11.3.1/../../../../arm-none-eabi/lib/thumb/v7e-m+fp/hard\libnosys.a
END GROUP
START GROUP
LOAD O:/programs/STMicroelectronics/STM32CubeIDE_1.13.1/STM32CubeIDE/plugins/com.st.stm32cube.ide.mcu.externaltools.gnu-tools-for-stm32.11.3.rel1.win32_1.1.0.202305231506/tools/bin/../lib/gcc/arm-none-eabi/11.3.1/thumb/v7e-m+fp/hard\libgcc.a
LOAD O:/programs/STMicroelectronics/STM32CubeIDE_1.13.1/STM32CubeIDE/plugins/com.st.stm32cube.ide.mcu.externaltools.gnu-tools-for-stm32.11.3.rel1.win32_1.1.0.202305231506/tools/bin/../lib/gcc/arm-none-eabi/11.3.1/../../../../arm-none-eabi/lib/thumb/v7e-m+fp/hard\libc_nano.a
LOAD O:/programs/STMicroelectronics/STM32CubeIDE_1.13.1/STM32CubeIDE/plugins/com.st.stm32cube.ide.mcu.externaltools.gnu-tools-for-stm32.11.3.rel1.win32_1.1.0.202305231506/tools/bin/../lib/gcc/arm-none-eabi/11.3.1/../../../../arm-none-eabi/lib/thumb/v7e-m+fp/hard\libnosys.a
END GROUP
LOAD O:/programs/STMicroelectronics/STM32CubeIDE_1.13.1/STM32CubeIDE/plugins/com.st.stm32cube.ide.mcu.externaltools.gnu-tools-for-stm32.11.3.rel1.win32_1.1.0.202305231506/tools/bin/../lib/gcc/arm-none-eabi/11.3.1/thumb/v7e-m+fp/hard/crtend.o
LOAD O:/programs/STMicroelectronics/STM32CubeIDE_1.13.1/STM32CubeIDE/plugins/com.st.stm32cube.ide.mcu.externaltools.gnu-tools-for-stm32.11.3.rel1.win32_1.1.0.202305231506/tools/bin/../lib/gcc/arm-none-eabi/11.3.1/thumb/v7e-m+fp/hard/crtn.o
                0x0000000020004000                _estack = (ORIGIN (RAM) + LENGTH (RAM))
                0x0000000000000200                _Min_Heap_Size = 0x200
                0x0000000000000400                _Min_Stack_Size = 0x400

.isr_vector     0x0000000008000000      0x188
                0x0000000008000000                . = ALIGN (0x4)
 *(.isr_vector)
 .isr_vector    0x0000000008000000      0x188 ./Core/Startup/startup_stm32f301c8tx.o
                0x0000000008000000                g_pfnVectors
                0x0000000008000188                . = ALIGN (0x4)

.text           0x0000000008000190     0xef88
                0x0000000008000190                . = ALIGN (0x4)
 *(.text)
 .text          0x0000000008000190       0x40 O:/programs/STMicroelectronics/STM32CubeIDE_1.13.1/STM32CubeIDE/plugins/com.st.stm32cube.ide.mcu.externaltools.gnu-tools-for-stm32.11.3.rel1.win32_1.1.0.202305231506/tools/bin/../lib/gcc/arm-none-eabi/11.3.1/thumb/v7e-m+fp/hard/crtbegin.o
 .text          0x00000000080001d0       0x14 O:/programs/STMicroelectronics/STM32CubeIDE_1.13.1/STM32CubeIDE/plugins/com.st.stm32cube.ide.mcu.externaltools.gnu-tools-for-stm32.11.3.rel1.win32_1.1.0.202305231506/tools/bin/../lib/gcc/arm-none-eabi/11.3.1/../../../../arm-none-eabi/lib/thumb/v7e-m+fp/hard\libc_nano.a(libc_a-strcmp.o)
                0x00000000080001d0                strcmp
 *fill*         0x00000000080001e4        0xc 
 .text          0x00000000080001f0       0xa0 O:/programs/STMicroelectronics/STM32CubeIDE_1.13.1/STM32CubeIDE/plugins/com.st.stm32cube.ide.mcu.externaltools.gnu-tools-for-stm32.11.3.rel1.win32_1.1.0.202305231506/tools/bin/../lib/gcc/arm-none-eabi/11.3.1/../../../../arm-none-eabi/lib/thumb/v7e-m+fp/hard\libc_nano.a(libc_a-memchr.o)
                0x00000000080001f0                memchr
 .text          0x0000000008000290       0x10 O:/programs/STMicroelectronics/STM32CubeIDE_1.13.1/STM32CubeIDE/plugins/com.st.stm32cube.ide.mcu.externaltools.gnu-tools-for-stm32.11.3.rel1.win32_1.1.0.202305231506/tools/bin/../lib/gcc/arm-none-eabi/11.3.1/../../../../arm-none-eabi/lib/thumb/v7e-m+fp/hard\libc_nano.a(libc_a-strlen.o)
                0x0000000008000290                strlen
 .text          0x00000000080002a0      0x378 O:/programs/STMicroelectronics/STM32CubeIDE_1.13.1/STM32CubeIDE/plugins/com.st.stm32cube.ide.mcu.externaltools.gnu-tools-for-stm32.11.3.rel1.win32_1.1.0.202305231506/tools/bin/../lib/gcc/arm-none-eabi/11.3.1/thumb/v7e-m+fp/hard\libgcc.a(_arm_addsubdf3.o)
                0x00000000080002a0                __aeabi_drsub
                0x00000000080002a8                __aeabi_dsub
                0x00000000080002a8                __subdf3
                0x00000000080002ac                __aeabi_dadd
                0x00000000080002ac                __adddf3
                0x0000000008000524                __floatunsidf
                0x0000000008000524                __aeabi_ui2d
                0x0000000008000544                __floatsidf
                0x0000000008000544                __aeabi_i2d
                0x0000000008000568                __aeabi_f2d
                0x0000000008000568                __extendsfdf2
                0x00000000080005ac                __floatundidf
                0x00000000080005ac                __aeabi_ul2d
                0x00000000080005bc                __floatdidf
                0x00000000080005bc                __aeabi_l2d
 .text          0x0000000008000618      0x424 O:/programs/STMicroelectronics/STM32CubeIDE_1.13.1/STM32CubeIDE/plugins/com.st.stm32cube.ide.mcu.externaltools.gnu-tools-for-stm32.11.3.rel1.win32_1.1.0.202305231506/tools/bin/../lib/gcc/arm-none-eabi/11.3.1/thumb/v7e-m+fp/hard\libgcc.a(_arm_muldivdf3.o)
                0x0000000008000618                __aeabi_dmul
                0x0000000008000618                __muldf3
                0x000000000800086c                __divdf3
                0x000000000800086c                __aeabi_ddiv
 .text          0x0000000008000a3c      0x110 O:/programs/STMicroelectronics/STM32CubeIDE_1.13.1/STM32CubeIDE/plugins/com.st.stm32cube.ide.mcu.externaltools.gnu-tools-for-stm32.11.3.rel1.win32_1.1.0.202305231506/tools/bin/../lib/gcc/arm-none-eabi/11.3.1/thumb/v7e-m+fp/hard\libgcc.a(_arm_cmpdf2.o)
                0x0000000008000a3c                __gtdf2
                0x0000000008000a3c                __gedf2
                0x0000000008000a44                __ltdf2
                0x0000000008000a44                __ledf2
                0x0000000008000a4c                __nedf2
                0x0000000008000a4c                __eqdf2
                0x0000000008000a4c                __cmpdf2
                0x0000000008000ac8                __aeabi_cdrcmple
                0x0000000008000ad8                __aeabi_cdcmpeq
                0x0000000008000ad8                __aeabi_cdcmple
                0x0000000008000ae8                __aeabi_dcmpeq
                0x0000000008000afc                __aeabi_dcmplt
                0x0000000008000b10                __aeabi_dcmple
                0x0000000008000b24                __aeabi_dcmpge
                0x0000000008000b38                __aeabi_dcmpgt
 .text          0x0000000008000b4c       0x2c O:/programs/STMicroelectronics/STM32CubeIDE_1.13.1/STM32CubeIDE/plugins/com.st.stm32cube.ide.mcu.externaltools.gnu-tools-for-stm32.11.3.rel1.win32_1.1.0.202305231506/tools/bin/../lib/gcc/arm-none-eabi/11.3.1/thumb/v7e-m+fp/hard\libgcc.a(_arm_unorddf2.o)
                0x0000000008000b4c                __unorddf2
                0x0000000008000b4c                __aeabi_dcmpun
 .text          0x0000000008000b78       0x50 O:/programs/STMicroelectronics/STM32CubeIDE_1.13.1/STM32CubeIDE/plugins/com.st.stm32cube.ide.mcu.externaltools.gnu-tools-for-stm32.11.3.rel1.win32_1.1.0.202305231506/tools/bin/../lib/gcc/arm-none-eabi/11.3.1/thumb/v7e-m+fp/hard\libgcc.a(_arm_fixdfsi.o)
                0x0000000008000b78                __aeabi_d2iz
                0x0000000008000b78                __fixdfsi
 .text          0x0000000008000bc8       0xa0 O:/programs/STMicroelectronics/STM32CubeIDE_1.13.1/STM32CubeIDE/plugins/com.st.stm32cube.ide.mcu.externaltools.gnu-tools-for-stm32.11.3.rel1.win32_1.1.0.202305231506/tools/bin/../lib/gcc/arm-none-eabi/11.3.1/thumb/v7e-m+fp/hard\libgcc.a(_arm_truncdfsf2.o)
                0x0000000008000bc8                __truncdfsf2
                0x0000000008000bc8                __aeabi_d2f
 *(.text*)
 .text.adxl345_bw_rate_setup
                0x0000000008000c68       0x62 ./Core/Src/adxl345.o
                0x0000000008000c68                adxl345_bw_rate_setup
 .text.adxl345_measure_mode
                0x0000000008000cca      0x108 ./Core/Src/adxl345.o
                0x0000000008000cca                adxl345_measure_mode
 .text.adxl345_data_format
                0x0000000008000dd2       0x5a ./Core/Src/adxl345.o
                0x0000000008000dd2                adxl345_data_format
 .text.adxl345_read_data
                0x0000000008000e2c       0x62 ./Core/Src/adxl345.o
                0x0000000008000e2c                adxl345_read_data
 .text.sendATCommand
                0x0000000008000e8e       0x48 ./Core/Src/espATcommands.o
                0x0000000008000e8e                sendATCommand
 .text.receiveAnswer
                0x0000000008000ed6       0x42 ./Core/Src/espATcommands.o
                0x0000000008000ed6                receiveAnswer
 .text.atSend_USART3_DMA
                0x0000000008000f18       0xb4 ./Core/Src/espATcommands.o
                0x0000000008000f18                atSend_USART3_DMA
 *fill*         0x0000000008000fcc        0x4 
 .text.parseFloat
                0x0000000008000fd0      0x218 ./Core/Src/espATcommands.o
                0x0000000008000fd0                parseFloat
 .text.espRecon
                0x00000000080011e8      0x100 ./Core/Src/espATcommands.o
                0x00000000080011e8                espRecon
 .text.vApplicationGetIdleTaskMemory
                0x00000000080012e8       0x34 ./Core/Src/freertos.o
                0x00000000080012e8                vApplicationGetIdleTaskMemory
 .text.vApplicationGetTimerTaskMemory
                0x000000000800131c       0x34 ./Core/Src/freertos.o
                0x000000000800131c                vApplicationGetTimerTaskMemory
 .text.__NVIC_EnableIRQ
                0x0000000008001350       0x3c ./Core/Src/main.o
 .text.__NVIC_SetPriority
                0x000000000800138c       0x54 ./Core/Src/main.o
 .text.main     0x00000000080013e0      0x35c ./Core/Src/main.o
                0x00000000080013e0                main
 .text.SystemClock_Config
                0x000000000800173c       0xbc ./Core/Src/main.o
                0x000000000800173c                SystemClock_Config
 .text.MX_ADC1_Init
                0x00000000080017f8       0xb8 ./Core/Src/main.o
 .text.MX_SPI2_Init
                0x00000000080018b0       0x7c ./Core/Src/main.o
 .text.MX_TIM15_Init
                0x000000000800192c       0xa4 ./Core/Src/main.o
 .text.MX_TIM17_Init
                0x00000000080019d0       0x4c ./Core/Src/main.o
 .text.MX_USART3_UART_Init
                0x0000000008001a1c       0x60 ./Core/Src/main.o
 .text.MX_DMA_Init
                0x0000000008001a7c       0x4c ./Core/Src/main.o
 .text.MX_GPIO_Init
                0x0000000008001ac8      0x158 ./Core/Src/main.o
 .text.ADC1_configuration
                0x0000000008001c20      0x1a4 ./Core/Src/main.o
                0x0000000008001c20                ADC1_configuration
 .text.TIM1_configuration
                0x0000000008001dc4       0xf0 ./Core/Src/main.o
                0x0000000008001dc4                TIM1_configuration
 .text.TIM2_configuration
                0x0000000008001eb4      0x118 ./Core/Src/main.o
                0x0000000008001eb4                TIM2_configuration
 .text.TIM15_additional_configuration
                0x0000000008001fcc       0x4c ./Core/Src/main.o
                0x0000000008001fcc                TIM15_additional_configuration
 .text.TIM17_additional_configuration
                0x0000000008002018       0x34 ./Core/Src/main.o
                0x0000000008002018                TIM17_additional_configuration
 .text.USART3_additional_configuration
                0x000000000800204c      0x12c ./Core/Src/main.o
                0x000000000800204c                USART3_additional_configuration
 .text.timerForSendDataCallback
                0x0000000008002178       0x20 ./Core/Src/main.o
                0x0000000008002178                timerForSendDataCallback
 .text.psMeasure
                0x0000000008002198      0x140 ./Core/Src/main.o
                0x0000000008002198                psMeasure
 .text.pc13LedCntrl
                0x00000000080022d8       0x78 ./Core/Src/main.o
                0x00000000080022d8                pc13LedCntrl
 .text.pc14LedCntrl
                0x0000000008002350       0x78 ./Core/Src/main.o
                0x0000000008002350                pc14LedCntrl
 .text.espCommunication
                0x00000000080023c8      0x90c ./Core/Src/main.o
                0x00000000080023c8                espCommunication
 .text.accelerometer
                0x0000000008002cd4       0xa0 ./Core/Src/main.o
                0x0000000008002cd4                accelerometer
 .text.HAL_TIM_PeriodElapsedCallback
                0x0000000008002d74       0x24 ./Core/Src/main.o
                0x0000000008002d74                HAL_TIM_PeriodElapsedCallback
 .text.Error_Handler
                0x0000000008002d98        0xa ./Core/Src/main.o
                0x0000000008002d98                Error_Handler
 *fill*         0x0000000008002da2        0x2 
 .text.HAL_MspInit
                0x0000000008002da4       0x50 ./Core/Src/stm32f3xx_hal_msp.o
                0x0000000008002da4                HAL_MspInit
 .text.HAL_ADC_MspInit
                0x0000000008002df4       0x78 ./Core/Src/stm32f3xx_hal_msp.o
                0x0000000008002df4                HAL_ADC_MspInit
 .text.HAL_SPI_MspInit
                0x0000000008002e6c       0x88 ./Core/Src/stm32f3xx_hal_msp.o
                0x0000000008002e6c                HAL_SPI_MspInit
 .text.HAL_TIM_Base_MspInit
                0x0000000008002ef4       0x68 ./Core/Src/stm32f3xx_hal_msp.o
                0x0000000008002ef4                HAL_TIM_Base_MspInit
 .text.HAL_UART_MspInit
                0x0000000008002f5c      0x134 ./Core/Src/stm32f3xx_hal_msp.o
                0x0000000008002f5c                HAL_UART_MspInit
 .text.HAL_InitTick
                0x0000000008003090       0xf4 ./Core/Src/stm32f3xx_hal_timebase_tim.o
                0x0000000008003090                HAL_InitTick
 .text.NMI_Handler
                0x0000000008003184        0x6 ./Core/Src/stm32f3xx_it.o
                0x0000000008003184                NMI_Handler
 *fill*         0x000000000800318a        0x2 
 .text.HardFault_Handler
                0x000000000800318c       0x38 ./Core/Src/stm32f3xx_it.o
                0x000000000800318c                HardFault_Handler
 .text.MemManage_Handler
                0x00000000080031c4        0x6 ./Core/Src/stm32f3xx_it.o
                0x00000000080031c4                MemManage_Handler
 .text.BusFault_Handler
                0x00000000080031ca        0x6 ./Core/Src/stm32f3xx_it.o
                0x00000000080031ca                BusFault_Handler
 .text.UsageFault_Handler
                0x00000000080031d0        0x6 ./Core/Src/stm32f3xx_it.o
                0x00000000080031d0                UsageFault_Handler
 .text.DebugMon_Handler
                0x00000000080031d6        0xe ./Core/Src/stm32f3xx_it.o
                0x00000000080031d6                DebugMon_Handler
 .text.DMA1_Channel2_IRQHandler
                0x00000000080031e4       0x34 ./Core/Src/stm32f3xx_it.o
                0x00000000080031e4                DMA1_Channel2_IRQHandler
 .text.DMA1_Channel3_IRQHandler
                0x0000000008003218       0x14 ./Core/Src/stm32f3xx_it.o
                0x0000000008003218                DMA1_Channel3_IRQHandler
 .text.EXTI15_10_IRQHandler
                0x000000000800322c       0x18 ./Core/Src/stm32f3xx_it.o
                0x000000000800322c                EXTI15_10_IRQHandler
 .text.TIM6_DAC_IRQHandler
                0x0000000008003244       0x14 ./Core/Src/stm32f3xx_it.o
                0x0000000008003244                TIM6_DAC_IRQHandler
 .text.DMA1_Channel1_IRQHandler
                0x0000000008003258       0x24 ./Core/Src/stm32f3xx_it.o
                0x0000000008003258                DMA1_Channel1_IRQHandler
 .text.ADC1_IRQHandler
                0x000000000800327c       0x22 ./Core/Src/stm32f3xx_it.o
                0x000000000800327c                ADC1_IRQHandler
 *fill*         0x000000000800329e        0x2 
 .text.TIM1_UP_TIM16_IRQHandler
                0x00000000080032a0       0x34 ./Core/Src/stm32f3xx_it.o
                0x00000000080032a0                TIM1_UP_TIM16_IRQHandler
 .text.TIM2_IRQHandler
                0x00000000080032d4       0x28 ./Core/Src/stm32f3xx_it.o
                0x00000000080032d4                TIM2_IRQHandler
 .text.TIM1_BRK_TIM15_IRQHandler
                0x00000000080032fc      0x17c ./Core/Src/stm32f3xx_it.o
                0x00000000080032fc                TIM1_BRK_TIM15_IRQHandler
 .text.TIM1_TRG_COM_TIM17_IRQHandler
                0x0000000008003478      0x8a8 ./Core/Src/stm32f3xx_it.o
                0x0000000008003478                TIM1_TRG_COM_TIM17_IRQHandler
 .text._getpid  0x0000000008003d20       0x10 ./Core/Src/syscalls.o
                0x0000000008003d20                _getpid
 .text._kill    0x0000000008003d30       0x20 ./Core/Src/syscalls.o
                0x0000000008003d30                _kill
 .text._exit    0x0000000008003d50       0x14 ./Core/Src/syscalls.o
                0x0000000008003d50                _exit
 .text._read    0x0000000008003d64       0x3a ./Core/Src/syscalls.o
                0x0000000008003d64                _read
 .text._write   0x0000000008003d9e       0x38 ./Core/Src/syscalls.o
                0x0000000008003d9e                _write
 .text._close   0x0000000008003dd6       0x18 ./Core/Src/syscalls.o
                0x0000000008003dd6                _close
 .text._fstat   0x0000000008003dee       0x20 ./Core/Src/syscalls.o
                0x0000000008003dee                _fstat
 .text._isatty  0x0000000008003e0e       0x16 ./Core/Src/syscalls.o
                0x0000000008003e0e                _isatty
 .text._lseek   0x0000000008003e24       0x1a ./Core/Src/syscalls.o
                0x0000000008003e24                _lseek
 *fill*         0x0000000008003e3e        0x2 
 .text._sbrk    0x0000000008003e40       0x6c ./Core/Src/sysmem.o
                0x0000000008003e40                _sbrk
 .text.SystemInit
                0x0000000008003eac       0x24 ./Core/Src/system_stm32f3xx.o
                0x0000000008003eac                SystemInit
 .text.Reset_Handler
                0x0000000008003ed0       0x50 ./Core/Startup/startup_stm32f301c8tx.o
                0x0000000008003ed0                Reset_Handler
 .text.Default_Handler
                0x0000000008003f20        0x2 ./Core/Startup/startup_stm32f301c8tx.o
                0x0000000008003f20                RTC_Alarm_IRQHandler
                0x0000000008003f20                TIM1_CC_IRQHandler
                0x0000000008003f20                PVD_IRQHandler
                0x0000000008003f20                TAMP_STAMP_IRQHandler
                0x0000000008003f20                EXTI3_IRQHandler
                0x0000000008003f20                I2C3_ER_IRQHandler
                0x0000000008003f20                EXTI0_IRQHandler
                0x0000000008003f20                I2C2_EV_IRQHandler
                0x0000000008003f20                FPU_IRQHandler
                0x0000000008003f20                DMA1_Channel4_IRQHandler
                0x0000000008003f20                USART3_IRQHandler
                0x0000000008003f20                DMA1_Channel7_IRQHandler
                0x0000000008003f20                I2C1_EV_IRQHandler
                0x0000000008003f20                DMA1_Channel6_IRQHandler
                0x0000000008003f20                RCC_IRQHandler
                0x0000000008003f20                Default_Handler
                0x0000000008003f20                COMP2_IRQHandler
                0x0000000008003f20                I2C3_EV_IRQHandler
                0x0000000008003f20                EXTI9_5_IRQHandler
                0x0000000008003f20                RTC_WKUP_IRQHandler
                0x0000000008003f20                SPI2_IRQHandler
                0x0000000008003f20                DMA1_Channel5_IRQHandler
                0x0000000008003f20                EXTI4_IRQHandler
                0x0000000008003f20                WWDG_IRQHandler
                0x0000000008003f20                EXTI1_IRQHandler
                0x0000000008003f20                COMP4_6_IRQHandler
                0x0000000008003f20                USART2_IRQHandler
                0x0000000008003f20                I2C2_ER_IRQHandler
                0x0000000008003f20                FLASH_IRQHandler
                0x0000000008003f20                USART1_IRQHandler
                0x0000000008003f20                SPI3_IRQHandler
                0x0000000008003f20                I2C1_ER_IRQHandler
                0x0000000008003f20                EXTI2_TSC_IRQHandler
 *fill*         0x0000000008003f22        0x2 
 .text.HAL_Init
                0x0000000008003f24       0x2c ./Drivers/STM32F3xx_HAL_Driver/Src/stm32f3xx_hal.o
                0x0000000008003f24                HAL_Init
 .text.HAL_IncTick
                0x0000000008003f50       0x28 ./Drivers/STM32F3xx_HAL_Driver/Src/stm32f3xx_hal.o
                0x0000000008003f50                HAL_IncTick
 .text.HAL_GetTick
                0x0000000008003f78       0x18 ./Drivers/STM32F3xx_HAL_Driver/Src/stm32f3xx_hal.o
                0x0000000008003f78                HAL_GetTick
 .text.HAL_Delay
                0x0000000008003f90       0x48 ./Drivers/STM32F3xx_HAL_Driver/Src/stm32f3xx_hal.o
                0x0000000008003f90                HAL_Delay
 .text.HAL_ADC_Init
                0x0000000008003fd8      0x30c ./Drivers/STM32F3xx_HAL_Driver/Src/stm32f3xx_hal_adc_ex.o
                0x0000000008003fd8                HAL_ADC_Init
 .text.HAL_ADC_ConfigChannel
                0x00000000080042e4      0x564 ./Drivers/STM32F3xx_HAL_Driver/Src/stm32f3xx_hal_adc_ex.o
                0x00000000080042e4                HAL_ADC_ConfigChannel
 .text.ADC_Disable
                0x0000000008004848       0xcc ./Drivers/STM32F3xx_HAL_Driver/Src/stm32f3xx_hal_adc_ex.o
 .text.__NVIC_SetPriorityGrouping
                0x0000000008004914       0x48 ./Drivers/STM32F3xx_HAL_Driver/Src/stm32f3xx_hal_cortex.o
 .text.__NVIC_GetPriorityGrouping
                0x000000000800495c       0x1c ./Drivers/STM32F3xx_HAL_Driver/Src/stm32f3xx_hal_cortex.o
 .text.__NVIC_EnableIRQ
                0x0000000008004978       0x3c ./Drivers/STM32F3xx_HAL_Driver/Src/stm32f3xx_hal_cortex.o
 .text.__NVIC_SetPriority
                0x00000000080049b4       0x54 ./Drivers/STM32F3xx_HAL_Driver/Src/stm32f3xx_hal_cortex.o
 .text.NVIC_EncodePriority
                0x0000000008004a08       0x66 ./Drivers/STM32F3xx_HAL_Driver/Src/stm32f3xx_hal_cortex.o
 .text.HAL_NVIC_SetPriorityGrouping
                0x0000000008004a6e       0x16 ./Drivers/STM32F3xx_HAL_Driver/Src/stm32f3xx_hal_cortex.o
                0x0000000008004a6e                HAL_NVIC_SetPriorityGrouping
 .text.HAL_NVIC_SetPriority
                0x0000000008004a84       0x38 ./Drivers/STM32F3xx_HAL_Driver/Src/stm32f3xx_hal_cortex.o
                0x0000000008004a84                HAL_NVIC_SetPriority
 .text.HAL_NVIC_EnableIRQ
                0x0000000008004abc       0x1c ./Drivers/STM32F3xx_HAL_Driver/Src/stm32f3xx_hal_cortex.o
                0x0000000008004abc                HAL_NVIC_EnableIRQ
 .text.HAL_DMA_Init
                0x0000000008004ad8       0x8e ./Drivers/STM32F3xx_HAL_Driver/Src/stm32f3xx_hal_dma.o
                0x0000000008004ad8                HAL_DMA_Init
 .text.HAL_DMA_IRQHandler
                0x0000000008004b66      0x146 ./Drivers/STM32F3xx_HAL_Driver/Src/stm32f3xx_hal_dma.o
                0x0000000008004b66                HAL_DMA_IRQHandler
 .text.DMA_CalcBaseAndBitshift
                0x0000000008004cac       0x40 ./Drivers/STM32F3xx_HAL_Driver/Src/stm32f3xx_hal_dma.o
 .text.HAL_GPIO_Init
                0x0000000008004cec      0x2e4 ./Drivers/STM32F3xx_HAL_Driver/Src/stm32f3xx_hal_gpio.o
                0x0000000008004cec                HAL_GPIO_Init
 .text.HAL_GPIO_WritePin
                0x0000000008004fd0       0x30 ./Drivers/STM32F3xx_HAL_Driver/Src/stm32f3xx_hal_gpio.o
                0x0000000008004fd0                HAL_GPIO_WritePin
 .text.HAL_GPIO_EXTI_IRQHandler
                0x0000000008005000       0x30 ./Drivers/STM32F3xx_HAL_Driver/Src/stm32f3xx_hal_gpio.o
                0x0000000008005000                HAL_GPIO_EXTI_IRQHandler
 .text.HAL_GPIO_EXTI_Callback
                0x0000000008005030       0x16 ./Drivers/STM32F3xx_HAL_Driver/Src/stm32f3xx_hal_gpio.o
                0x0000000008005030                HAL_GPIO_EXTI_Callback
 *fill*         0x0000000008005046        0x2 
 .text.HAL_RCC_OscConfig
                0x0000000008005048     0x107c ./Drivers/STM32F3xx_HAL_Driver/Src/stm32f3xx_hal_rcc.o
                0x0000000008005048                HAL_RCC_OscConfig
 .text.HAL_RCC_ClockConfig
                0x00000000080060c4      0x2f8 ./Drivers/STM32F3xx_HAL_Driver/Src/stm32f3xx_hal_rcc.o
                0x00000000080060c4                HAL_RCC_ClockConfig
 .text.HAL_RCC_GetSysClockFreq
                0x00000000080063bc       0xd4 ./Drivers/STM32F3xx_HAL_Driver/Src/stm32f3xx_hal_rcc.o
                0x00000000080063bc                HAL_RCC_GetSysClockFreq
 .text.HAL_RCC_GetHCLKFreq
                0x0000000008006490       0x18 ./Drivers/STM32F3xx_HAL_Driver/Src/stm32f3xx_hal_rcc.o
                0x0000000008006490                HAL_RCC_GetHCLKFreq
 .text.HAL_RCC_GetPCLK1Freq
                0x00000000080064a8       0x44 ./Drivers/STM32F3xx_HAL_Driver/Src/stm32f3xx_hal_rcc.o
                0x00000000080064a8                HAL_RCC_GetPCLK1Freq
 .text.HAL_RCC_GetPCLK2Freq
                0x00000000080064ec       0x44 ./Drivers/STM32F3xx_HAL_Driver/Src/stm32f3xx_hal_rcc.o
                0x00000000080064ec                HAL_RCC_GetPCLK2Freq
 .text.HAL_RCC_GetClockConfig
                0x0000000008006530       0x64 ./Drivers/STM32F3xx_HAL_Driver/Src/stm32f3xx_hal_rcc.o
                0x0000000008006530                HAL_RCC_GetClockConfig
 .text.HAL_RCCEx_PeriphCLKConfig
                0x0000000008006594      0x308 ./Drivers/STM32F3xx_HAL_Driver/Src/stm32f3xx_hal_rcc_ex.o
                0x0000000008006594                HAL_RCCEx_PeriphCLKConfig
 .text.HAL_SPI_Init
                0x000000000800689c      0x156 ./Drivers/STM32F3xx_HAL_Driver/Src/stm32f3xx_hal_spi.o
                0x000000000800689c                HAL_SPI_Init
 .text.HAL_SPI_Transmit
                0x00000000080069f2      0x2ea ./Drivers/STM32F3xx_HAL_Driver/Src/stm32f3xx_hal_spi.o
                0x00000000080069f2                HAL_SPI_Transmit
 .text.HAL_SPI_Receive
                0x0000000008006cdc      0x26e ./Drivers/STM32F3xx_HAL_Driver/Src/stm32f3xx_hal_spi.o
                0x0000000008006cdc                HAL_SPI_Receive
 .text.HAL_SPI_TransmitReceive
                0x0000000008006f4a      0x444 ./Drivers/STM32F3xx_HAL_Driver/Src/stm32f3xx_hal_spi.o
                0x0000000008006f4a                HAL_SPI_TransmitReceive
 *fill*         0x000000000800738e        0x2 
 .text.SPI_WaitFlagStateUntilTimeout
                0x0000000008007390      0x110 ./Drivers/STM32F3xx_HAL_Driver/Src/stm32f3xx_hal_spi.o
 .text.SPI_WaitFifoStateUntilTimeout
                0x00000000080074a0      0x12c ./Drivers/STM32F3xx_HAL_Driver/Src/stm32f3xx_hal_spi.o
 .text.SPI_EndRxTransaction
                0x00000000080075cc       0xb0 ./Drivers/STM32F3xx_HAL_Driver/Src/stm32f3xx_hal_spi.o
 .text.SPI_EndRxTxTransaction
                0x000000000800767c       0x8c ./Drivers/STM32F3xx_HAL_Driver/Src/stm32f3xx_hal_spi.o
 .text.HAL_TIM_Base_Init
                0x0000000008007708       0xae ./Drivers/STM32F3xx_HAL_Driver/Src/stm32f3xx_hal_tim.o
                0x0000000008007708                HAL_TIM_Base_Init
 *fill*         0x00000000080077b6        0x2 
 .text.HAL_TIM_Base_Start_IT
                0x00000000080077b8       0xa8 ./Drivers/STM32F3xx_HAL_Driver/Src/stm32f3xx_hal_tim.o
                0x00000000080077b8                HAL_TIM_Base_Start_IT
 .text.HAL_TIM_IRQHandler
                0x0000000008007860      0x23e ./Drivers/STM32F3xx_HAL_Driver/Src/stm32f3xx_hal_tim.o
                0x0000000008007860                HAL_TIM_IRQHandler
 .text.HAL_TIM_ConfigClockSource
                0x0000000008007a9e      0x192 ./Drivers/STM32F3xx_HAL_Driver/Src/stm32f3xx_hal_tim.o
                0x0000000008007a9e                HAL_TIM_ConfigClockSource
 .text.HAL_TIM_OC_DelayElapsedCallback
                0x0000000008007c30       0x14 ./Drivers/STM32F3xx_HAL_Driver/Src/stm32f3xx_hal_tim.o
                0x0000000008007c30                HAL_TIM_OC_DelayElapsedCallback
 .text.HAL_TIM_IC_CaptureCallback
                0x0000000008007c44       0x14 ./Drivers/STM32F3xx_HAL_Driver/Src/stm32f3xx_hal_tim.o
                0x0000000008007c44                HAL_TIM_IC_CaptureCallback
 .text.HAL_TIM_PWM_PulseFinishedCallback
                0x0000000008007c58       0x14 ./Drivers/STM32F3xx_HAL_Driver/Src/stm32f3xx_hal_tim.o
                0x0000000008007c58                HAL_TIM_PWM_PulseFinishedCallback
 .text.HAL_TIM_TriggerCallback
                0x0000000008007c6c       0x14 ./Drivers/STM32F3xx_HAL_Driver/Src/stm32f3xx_hal_tim.o
                0x0000000008007c6c                HAL_TIM_TriggerCallback
 .text.TIM_Base_SetConfig
                0x0000000008007c80       0xdc ./Drivers/STM32F3xx_HAL_Driver/Src/stm32f3xx_hal_tim.o
                0x0000000008007c80                TIM_Base_SetConfig
 .text.TIM_TI1_ConfigInputStage
                0x0000000008007d5c       0x5e ./Drivers/STM32F3xx_HAL_Driver/Src/stm32f3xx_hal_tim.o
 .text.TIM_TI2_ConfigInputStage
                0x0000000008007dba       0x60 ./Drivers/STM32F3xx_HAL_Driver/Src/stm32f3xx_hal_tim.o
 .text.TIM_ITRx_SetConfig
                0x0000000008007e1a       0x36 ./Drivers/STM32F3xx_HAL_Driver/Src/stm32f3xx_hal_tim.o
 .text.TIM_ETR_SetConfig
                0x0000000008007e50       0x40 ./Drivers/STM32F3xx_HAL_Driver/Src/stm32f3xx_hal_tim.o
                0x0000000008007e50                TIM_ETR_SetConfig
 .text.HAL_TIMEx_MasterConfigSynchronization
                0x0000000008007e90       0xcc ./Drivers/STM32F3xx_HAL_Driver/Src/stm32f3xx_hal_tim_ex.o
                0x0000000008007e90                HAL_TIMEx_MasterConfigSynchronization
 .text.HAL_TIMEx_CommutCallback
                0x0000000008007f5c       0x14 ./Drivers/STM32F3xx_HAL_Driver/Src/stm32f3xx_hal_tim_ex.o
                0x0000000008007f5c                HAL_TIMEx_CommutCallback
 .text.HAL_TIMEx_BreakCallback
                0x0000000008007f70       0x14 ./Drivers/STM32F3xx_HAL_Driver/Src/stm32f3xx_hal_tim_ex.o
                0x0000000008007f70                HAL_TIMEx_BreakCallback
 .text.HAL_TIMEx_Break2Callback
                0x0000000008007f84       0x14 ./Drivers/STM32F3xx_HAL_Driver/Src/stm32f3xx_hal_tim_ex.o
                0x0000000008007f84                HAL_TIMEx_Break2Callback
 .text.HAL_UART_Init
                0x0000000008007f98       0x9c ./Drivers/STM32F3xx_HAL_Driver/Src/stm32f3xx_hal_uart.o
                0x0000000008007f98                HAL_UART_Init
 .text.HAL_UART_Transmit
                0x0000000008008034      0x114 ./Drivers/STM32F3xx_HAL_Driver/Src/stm32f3xx_hal_uart.o
                0x0000000008008034                HAL_UART_Transmit
 .text.HAL_UART_Receive
                0x0000000008008148      0x192 ./Drivers/STM32F3xx_HAL_Driver/Src/stm32f3xx_hal_uart.o
                0x0000000008008148                HAL_UART_Receive
 *fill*         0x00000000080082da        0x2 
 .text.UART_SetConfig
                0x00000000080082dc      0x26c ./Drivers/STM32F3xx_HAL_Driver/Src/stm32f3xx_hal_uart.o
                0x00000000080082dc                UART_SetConfig
 .text.UART_AdvFeatureConfig
                0x0000000008008548      0x144 ./Drivers/STM32F3xx_HAL_Driver/Src/stm32f3xx_hal_uart.o
                0x0000000008008548                UART_AdvFeatureConfig
 .text.UART_CheckIdleState
                0x000000000800868c      0x150 ./Drivers/STM32F3xx_HAL_Driver/Src/stm32f3xx_hal_uart.o
                0x000000000800868c                UART_CheckIdleState
 .text.UART_WaitOnFlagUntilTimeout
                0x00000000080087dc       0xce ./Drivers/STM32F3xx_HAL_Driver/Src/stm32f3xx_hal_uart.o
                0x00000000080087dc                UART_WaitOnFlagUntilTimeout
 .text.UART_EndRxTransfer
                0x00000000080088aa       0xc8 ./Drivers/STM32F3xx_HAL_Driver/Src/stm32f3xx_hal_uart.o
 .text.makeFreeRtosPriority
                0x0000000008008972       0x30 ./Middlewares/Third_Party/FreeRTOS/Source/CMSIS_RTOS/cmsis_os.o
 .text.osKernelStart
                0x00000000080089a2        0xe ./Middlewares/Third_Party/FreeRTOS/Source/CMSIS_RTOS/cmsis_os.o
                0x00000000080089a2                osKernelStart
 .text.osThreadCreate
                0x00000000080089b0       0x98 ./Middlewares/Third_Party/FreeRTOS/Source/CMSIS_RTOS/cmsis_os.o
                0x00000000080089b0                osThreadCreate
 .text.osDelay  0x0000000008008a48       0x28 ./Middlewares/Third_Party/FreeRTOS/Source/CMSIS_RTOS/cmsis_os.o
                0x0000000008008a48                osDelay
 .text.xEventGroupCreate
                0x0000000008008a70       0x34 ./Middlewares/Third_Party/FreeRTOS/Source/event_groups.o
                0x0000000008008a70                xEventGroupCreate
 .text.xEventGroupClearBits
                0x0000000008008aa4       0x70 ./Middlewares/Third_Party/FreeRTOS/Source/event_groups.o
                0x0000000008008aa4                xEventGroupClearBits
 .text.xEventGroupGetBitsFromISR
                0x0000000008008b14       0x48 ./Middlewares/Third_Party/FreeRTOS/Source/event_groups.o
                0x0000000008008b14                xEventGroupGetBitsFromISR
 .text.xEventGroupSetBits
                0x0000000008008b5c      0x116 ./Middlewares/Third_Party/FreeRTOS/Source/event_groups.o
                0x0000000008008b5c                xEventGroupSetBits
 .text.vListInitialise
                0x0000000008008c72       0x40 ./Middlewares/Third_Party/FreeRTOS/Source/list.o
                0x0000000008008c72                vListInitialise
 .text.vListInitialiseItem
                0x0000000008008cb2       0x1a ./Middlewares/Third_Party/FreeRTOS/Source/list.o
                0x0000000008008cb2                vListInitialiseItem
 .text.vListInsertEnd
                0x0000000008008ccc       0x48 ./Middlewares/Third_Party/FreeRTOS/Source/list.o
                0x0000000008008ccc                vListInsertEnd
 .text.vListInsert
                0x0000000008008d14       0x72 ./Middlewares/Third_Party/FreeRTOS/Source/list.o
                0x0000000008008d14                vListInsert
 .text.uxListRemove
                0x0000000008008d86       0x54 ./Middlewares/Third_Party/FreeRTOS/Source/list.o
                0x0000000008008d86                uxListRemove
 *fill*         0x0000000008008dda        0x2 
 .text.xQueueGenericReset
                0x0000000008008ddc       0xd0 ./Middlewares/Third_Party/FreeRTOS/Source/queue.o
                0x0000000008008ddc                xQueueGenericReset
 .text.xQueueGenericCreateStatic
                0x0000000008008eac       0xee ./Middlewares/Third_Party/FreeRTOS/Source/queue.o
                0x0000000008008eac                xQueueGenericCreateStatic
 .text.prvInitialiseNewQueue
                0x0000000008008f9a       0x3e ./Middlewares/Third_Party/FreeRTOS/Source/queue.o
 .text.xQueueGenericSend
                0x0000000008008fd8      0x1fc ./Middlewares/Third_Party/FreeRTOS/Source/queue.o
                0x0000000008008fd8                xQueueGenericSend
 .text.xQueueGenericSendFromISR
                0x00000000080091d4      0x130 ./Middlewares/Third_Party/FreeRTOS/Source/queue.o
                0x00000000080091d4                xQueueGenericSendFromISR
 .text.xQueueReceive
                0x0000000008009304      0x1c0 ./Middlewares/Third_Party/FreeRTOS/Source/queue.o
                0x0000000008009304                xQueueReceive
 .text.prvCopyDataToQueue
                0x00000000080094c4       0xd4 ./Middlewares/Third_Party/FreeRTOS/Source/queue.o
 .text.prvCopyDataFromQueue
                0x0000000008009598       0x4c ./Middlewares/Third_Party/FreeRTOS/Source/queue.o
 .text.prvUnlockQueue
                0x00000000080095e4       0xa4 ./Middlewares/Third_Party/FreeRTOS/Source/queue.o
 .text.prvIsQueueEmpty
                0x0000000008009688       0x2c ./Middlewares/Third_Party/FreeRTOS/Source/queue.o
 .text.prvIsQueueFull
                0x00000000080096b4       0x30 ./Middlewares/Third_Party/FreeRTOS/Source/queue.o
 .text.vQueueAddToRegistry
                0x00000000080096e4       0x54 ./Middlewares/Third_Party/FreeRTOS/Source/queue.o
                0x00000000080096e4                vQueueAddToRegistry
 .text.vQueueWaitForMessageRestricted
                0x0000000008009738       0x68 ./Middlewares/Third_Party/FreeRTOS/Source/queue.o
                0x0000000008009738                vQueueWaitForMessageRestricted
 .text.xTaskCreateStatic
                0x00000000080097a0       0xb8 ./Middlewares/Third_Party/FreeRTOS/Source/tasks.o
                0x00000000080097a0                xTaskCreateStatic
 .text.xTaskCreate
                0x0000000008009858       0x8a ./Middlewares/Third_Party/FreeRTOS/Source/tasks.o
                0x0000000008009858                xTaskCreate
 .text.prvInitialiseNewTask
                0x00000000080098e2       0xfe ./Middlewares/Third_Party/FreeRTOS/Source/tasks.o
 .text.prvAddNewTaskToReadyList
                0x00000000080099e0       0xd4 ./Middlewares/Third_Party/FreeRTOS/Source/tasks.o
 .text.vTaskDelay
                0x0000000008009ab4       0x68 ./Middlewares/Third_Party/FreeRTOS/Source/tasks.o
                0x0000000008009ab4                vTaskDelay
 .text.vTaskStartScheduler
                0x0000000008009b1c       0xcc ./Middlewares/Third_Party/FreeRTOS/Source/tasks.o
                0x0000000008009b1c                vTaskStartScheduler
 .text.vTaskSuspendAll
                0x0000000008009be8       0x1c ./Middlewares/Third_Party/FreeRTOS/Source/tasks.o
                0x0000000008009be8                vTaskSuspendAll
 .text.xTaskResumeAll
                0x0000000008009c04      0x138 ./Middlewares/Third_Party/FreeRTOS/Source/tasks.o
                0x0000000008009c04                xTaskResumeAll
 .text.xTaskGetTickCount
                0x0000000008009d3c       0x20 ./Middlewares/Third_Party/FreeRTOS/Source/tasks.o
                0x0000000008009d3c                xTaskGetTickCount
 .text.xTaskIncrementTick
                0x0000000008009d5c      0x17c ./Middlewares/Third_Party/FreeRTOS/Source/tasks.o
                0x0000000008009d5c                xTaskIncrementTick
 .text.vTaskSwitchContext
                0x0000000008009ed8       0xb8 ./Middlewares/Third_Party/FreeRTOS/Source/tasks.o
                0x0000000008009ed8                vTaskSwitchContext
 .text.vTaskPlaceOnEventList
                0x0000000008009f90       0x48 ./Middlewares/Third_Party/FreeRTOS/Source/tasks.o
                0x0000000008009f90                vTaskPlaceOnEventList
 .text.vTaskPlaceOnEventListRestricted
                0x0000000008009fd8       0x58 ./Middlewares/Third_Party/FreeRTOS/Source/tasks.o
                0x0000000008009fd8                vTaskPlaceOnEventListRestricted
 .text.xTaskRemoveFromEventList
                0x000000000800a030       0xc4 ./Middlewares/Third_Party/FreeRTOS/Source/tasks.o
                0x000000000800a030                xTaskRemoveFromEventList
 .text.vTaskRemoveFromUnorderedEventList
                0x000000000800a0f4       0xc4 ./Middlewares/Third_Party/FreeRTOS/Source/tasks.o
                0x000000000800a0f4                vTaskRemoveFromUnorderedEventList
 .text.vTaskInternalSetTimeOutState
                0x000000000800a1b8       0x2c ./Middlewares/Third_Party/FreeRTOS/Source/tasks.o
                0x000000000800a1b8                vTaskInternalSetTimeOutState
 .text.xTaskCheckForTimeOut
                0x000000000800a1e4       0xc4 ./Middlewares/Third_Party/FreeRTOS/Source/tasks.o
                0x000000000800a1e4                xTaskCheckForTimeOut
 .text.vTaskMissedYield
                0x000000000800a2a8       0x18 ./Middlewares/Third_Party/FreeRTOS/Source/tasks.o
                0x000000000800a2a8                vTaskMissedYield
 .text.prvIdleTask
                0x000000000800a2c0       0x30 ./Middlewares/Third_Party/FreeRTOS/Source/tasks.o
 .text.prvInitialiseTaskLists
                0x000000000800a2f0       0x80 ./Middlewares/Third_Party/FreeRTOS/Source/tasks.o
 .text.prvCheckTasksWaitingTermination
                0x000000000800a370       0x5c ./Middlewares/Third_Party/FreeRTOS/Source/tasks.o
 .text.prvDeleteTCB
                0x000000000800a3cc       0x5e ./Middlewares/Third_Party/FreeRTOS/Source/tasks.o
 *fill*         0x000000000800a42a        0x2 
 .text.prvResetNextTaskUnblockTime
                0x000000000800a42c       0x4c ./Middlewares/Third_Party/FreeRTOS/Source/tasks.o
 .text.xTaskGetSchedulerState
                0x000000000800a478       0x3c ./Middlewares/Third_Party/FreeRTOS/Source/tasks.o
                0x000000000800a478                xTaskGetSchedulerState
 .text.xTaskPriorityDisinherit
                0x000000000800a4b4      0x10c ./Middlewares/Third_Party/FreeRTOS/Source/tasks.o
                0x000000000800a4b4                xTaskPriorityDisinherit
 .text.prvAddCurrentTaskToDelayedList
                0x000000000800a5c0       0xcc ./Middlewares/Third_Party/FreeRTOS/Source/tasks.o
 .text.xTimerCreateTimerTask
                0x000000000800a68c       0x90 ./Middlewares/Third_Party/FreeRTOS/Source/timers.o
                0x000000000800a68c                xTimerCreateTimerTask
 .text.xTimerCreate
                0x000000000800a71c       0x42 ./Middlewares/Third_Party/FreeRTOS/Source/timers.o
                0x000000000800a71c                xTimerCreate
 .text.prvInitialiseNewTimer
                0x000000000800a75e       0x64 ./Middlewares/Third_Party/FreeRTOS/Source/timers.o
 *fill*         0x000000000800a7c2        0x2 
 .text.xTimerGenericCommand
                0x000000000800a7c4       0x9c ./Middlewares/Third_Party/FreeRTOS/Source/timers.o
                0x000000000800a7c4                xTimerGenericCommand
 .text.prvProcessExpiredTimer
                0x000000000800a860       0x80 ./Middlewares/Third_Party/FreeRTOS/Source/timers.o
 .text.prvTimerTask
                0x000000000800a8e0       0x24 ./Middlewares/Third_Party/FreeRTOS/Source/timers.o
 .text.prvProcessTimerOrBlockTask
                0x000000000800a904       0x9c ./Middlewares/Third_Party/FreeRTOS/Source/timers.o
 .text.prvGetNextExpireTime
                0x000000000800a9a0       0x48 ./Middlewares/Third_Party/FreeRTOS/Source/timers.o
 .text.prvSampleTimeNow
                0x000000000800a9e8       0x40 ./Middlewares/Third_Party/FreeRTOS/Source/timers.o
 .text.prvInsertTimerInActiveList
                0x000000000800aa28       0x84 ./Middlewares/Third_Party/FreeRTOS/Source/timers.o
 .text.prvProcessReceivedCommands
                0x000000000800aaac      0x168 ./Middlewares/Third_Party/FreeRTOS/Source/timers.o
 .text.prvSwitchTimerLists
                0x000000000800ac14       0xc4 ./Middlewares/Third_Party/FreeRTOS/Source/timers.o
 .text.prvCheckForValidListAndQueue
                0x000000000800acd8       0x80 ./Middlewares/Third_Party/FreeRTOS/Source/timers.o
 .text.pxPortInitialiseStack
                0x000000000800ad58       0x68 ./Middlewares/Third_Party/FreeRTOS/Source/portable/GCC/ARM_CM4F/port.o
                0x000000000800ad58                pxPortInitialiseStack
 .text.prvTaskExitError
                0x000000000800adc0       0x58 ./Middlewares/Third_Party/FreeRTOS/Source/portable/GCC/ARM_CM4F/port.o
 *fill*         0x000000000800ae18        0x8 
 .text.SVC_Handler
                0x000000000800ae20       0x28 ./Middlewares/Third_Party/FreeRTOS/Source/portable/GCC/ARM_CM4F/port.o
                0x000000000800ae20                SVC_Handler
 .text.prvPortStartFirstTask
                0x000000000800ae48       0x28 ./Middlewares/Third_Party/FreeRTOS/Source/portable/GCC/ARM_CM4F/port.o
 .text.xPortStartScheduler
                0x000000000800ae70      0x144 ./Middlewares/Third_Party/FreeRTOS/Source/portable/GCC/ARM_CM4F/port.o
                0x000000000800ae70                xPortStartScheduler
 .text.vPortEnterCritical
                0x000000000800afb4       0x60 ./Middlewares/Third_Party/FreeRTOS/Source/portable/GCC/ARM_CM4F/port.o
                0x000000000800afb4                vPortEnterCritical
 .text.vPortExitCritical
                0x000000000800b014       0x54 ./Middlewares/Third_Party/FreeRTOS/Source/portable/GCC/ARM_CM4F/port.o
                0x000000000800b014                vPortExitCritical
 *fill*         0x000000000800b068        0x8 
 .text.PendSV_Handler
                0x000000000800b070       0x68 ./Middlewares/Third_Party/FreeRTOS/Source/portable/GCC/ARM_CM4F/port.o
                0x000000000800b070                PendSV_Handler
 .text.SysTick_Handler
                0x000000000800b0d8       0x44 ./Middlewares/Third_Party/FreeRTOS/Source/portable/GCC/ARM_CM4F/port.o
                0x000000000800b0d8                SysTick_Handler
 .text.vPortSetupTimerInterrupt
                0x000000000800b11c       0x48 ./Middlewares/Third_Party/FreeRTOS/Source/portable/GCC/ARM_CM4F/port.o
                0x000000000800b11c                vPortSetupTimerInterrupt
 .text.vPortEnableVFP
                0x000000000800b164       0x14 ./Middlewares/Third_Party/FreeRTOS/Source/portable/GCC/ARM_CM4F/port.o
 .text.vPortValidateInterruptPriority
                0x000000000800b178       0x80 ./Middlewares/Third_Party/FreeRTOS/Source/portable/GCC/ARM_CM4F/port.o
                0x000000000800b178                vPortValidateInterruptPriority
 .text.pvPortMalloc
                0x000000000800b1f8      0x188 ./Middlewares/Third_Party/FreeRTOS/Source/portable/MemMang/heap_4.o
                0x000000000800b1f8                pvPortMalloc
 .text.vPortFree
                0x000000000800b380       0xb4 ./Middlewares/Third_Party/FreeRTOS/Source/portable/MemMang/heap_4.o
                0x000000000800b380                vPortFree
 .text.prvHeapInit
                0x000000000800b434       0xc4 ./Middlewares/Third_Party/FreeRTOS/Source/portable/MemMang/heap_4.o
 .text.prvInsertBlockIntoFreeList
                0x000000000800b4f8       0xb4 ./Middlewares/Third_Party/FreeRTOS/Source/portable/MemMang/heap_4.o
 .text.__cvt    0x000000000800b5ac       0xc4 O:/programs/STMicroelectronics/STM32CubeIDE_1.13.1/STM32CubeIDE/plugins/com.st.stm32cube.ide.mcu.externaltools.gnu-tools-for-stm32.11.3.rel1.win32_1.1.0.202305231506/tools/bin/../lib/gcc/arm-none-eabi/11.3.1/../../../../arm-none-eabi/lib/thumb/v7e-m+fp/hard\libc_nano.a(libc_a-nano-vfprintf_float.o)
                0x000000000800b5ac                __cvt
 .text.__exponent
                0x000000000800b670       0x7c O:/programs/STMicroelectronics/STM32CubeIDE_1.13.1/STM32CubeIDE/plugins/com.st.stm32cube.ide.mcu.externaltools.gnu-tools-for-stm32.11.3.rel1.win32_1.1.0.202305231506/tools/bin/../lib/gcc/arm-none-eabi/11.3.1/../../../../arm-none-eabi/lib/thumb/v7e-m+fp/hard\libc_nano.a(libc_a-nano-vfprintf_float.o)
                0x000000000800b670                __exponent
 .text._printf_float
                0x000000000800b6ec      0x46c O:/programs/STMicroelectronics/STM32CubeIDE_1.13.1/STM32CubeIDE/plugins/com.st.stm32cube.ide.mcu.externaltools.gnu-tools-for-stm32.11.3.rel1.win32_1.1.0.202305231506/tools/bin/../lib/gcc/arm-none-eabi/11.3.1/../../../../arm-none-eabi/lib/thumb/v7e-m+fp/hard\libc_nano.a(libc_a-nano-vfprintf_float.o)
                0x000000000800b6ec                _printf_float
 .text._printf_common
                0x000000000800bb58       0xda O:/programs/STMicroelectronics/STM32CubeIDE_1.13.1/STM32CubeIDE/plugins/com.st.stm32cube.ide.mcu.externaltools.gnu-tools-for-stm32.11.3.rel1.win32_1.1.0.202305231506/tools/bin/../lib/gcc/arm-none-eabi/11.3.1/../../../../arm-none-eabi/lib/thumb/v7e-m+fp/hard\libc_nano.a(libc_a-nano-vfprintf_i.o)
                0x000000000800bb58                _printf_common
 *fill*         0x000000000800bc32        0x2 
 .text._printf_i
                0x000000000800bc34      0x244 O:/programs/STMicroelectronics/STM32CubeIDE_1.13.1/STM32CubeIDE/plugins/com.st.stm32cube.ide.mcu.externaltools.gnu-tools-for-stm32.11.3.rel1.win32_1.1.0.202305231506/tools/bin/../lib/gcc/arm-none-eabi/11.3.1/../../../../arm-none-eabi/lib/thumb/v7e-m+fp/hard\libc_nano.a(libc_a-nano-vfprintf_i.o)
                0x000000000800bc34                _printf_i
 .text.std      0x000000000800be78       0x48 O:/programs/STMicroelectronics/STM32CubeIDE_1.13.1/STM32CubeIDE/plugins/com.st.stm32cube.ide.mcu.externaltools.gnu-tools-for-stm32.11.3.rel1.win32_1.1.0.202305231506/tools/bin/../lib/gcc/arm-none-eabi/11.3.1/../../../../arm-none-eabi/lib/thumb/v7e-m+fp/hard\libc_nano.a(libc_a-findfp.o)
 .text.stdio_exit_handler
                0x000000000800bec0       0x18 O:/programs/STMicroelectronics/STM32CubeIDE_1.13.1/STM32CubeIDE/plugins/com.st.stm32cube.ide.mcu.externaltools.gnu-tools-for-stm32.11.3.rel1.win32_1.1.0.202305231506/tools/bin/../lib/gcc/arm-none-eabi/11.3.1/../../../../arm-none-eabi/lib/thumb/v7e-m+fp/hard\libc_nano.a(libc_a-findfp.o)
 .text.cleanup_stdio
                0x000000000800bed8       0x40 O:/programs/STMicroelectronics/STM32CubeIDE_1.13.1/STM32CubeIDE/plugins/com.st.stm32cube.ide.mcu.externaltools.gnu-tools-for-stm32.11.3.rel1.win32_1.1.0.202305231506/tools/bin/../lib/gcc/arm-none-eabi/11.3.1/../../../../arm-none-eabi/lib/thumb/v7e-m+fp/hard\libc_nano.a(libc_a-findfp.o)
 .text.global_stdio_init.part.0
                0x000000000800bf18       0x3c O:/programs/STMicroelectronics/STM32CubeIDE_1.13.1/STM32CubeIDE/plugins/com.st.stm32cube.ide.mcu.externaltools.gnu-tools-for-stm32.11.3.rel1.win32_1.1.0.202305231506/tools/bin/../lib/gcc/arm-none-eabi/11.3.1/../../../../arm-none-eabi/lib/thumb/v7e-m+fp/hard\libc_nano.a(libc_a-findfp.o)
 .text.__sfp_lock_acquire
                0x000000000800bf54        0xc O:/programs/STMicroelectronics/STM32CubeIDE_1.13.1/STM32CubeIDE/plugins/com.st.stm32cube.ide.mcu.externaltools.gnu-tools-for-stm32.11.3.rel1.win32_1.1.0.202305231506/tools/bin/../lib/gcc/arm-none-eabi/11.3.1/../../../../arm-none-eabi/lib/thumb/v7e-m+fp/hard\libc_nano.a(libc_a-findfp.o)
                0x000000000800bf54                __sfp_lock_acquire
 .text.__sfp_lock_release
                0x000000000800bf60        0xc O:/programs/STMicroelectronics/STM32CubeIDE_1.13.1/STM32CubeIDE/plugins/com.st.stm32cube.ide.mcu.externaltools.gnu-tools-for-stm32.11.3.rel1.win32_1.1.0.202305231506/tools/bin/../lib/gcc/arm-none-eabi/11.3.1/../../../../arm-none-eabi/lib/thumb/v7e-m+fp/hard\libc_nano.a(libc_a-findfp.o)
                0x000000000800bf60                __sfp_lock_release
 .text.__sinit  0x000000000800bf6c       0x30 O:/programs/STMicroelectronics/STM32CubeIDE_1.13.1/STM32CubeIDE/plugins/com.st.stm32cube.ide.mcu.externaltools.gnu-tools-for-stm32.11.3.rel1.win32_1.1.0.202305231506/tools/bin/../lib/gcc/arm-none-eabi/11.3.1/../../../../arm-none-eabi/lib/thumb/v7e-m+fp/hard\libc_nano.a(libc_a-findfp.o)
                0x000000000800bf6c                __sinit
 .text._fwalk_sglue
                0x000000000800bf9c       0x3c O:/programs/STMicroelectronics/STM32CubeIDE_1.13.1/STM32CubeIDE/plugins/com.st.stm32cube.ide.mcu.externaltools.gnu-tools-for-stm32.11.3.rel1.win32_1.1.0.202305231506/tools/bin/../lib/gcc/arm-none-eabi/11.3.1/../../../../arm-none-eabi/lib/thumb/v7e-m+fp/hard\libc_nano.a(libc_a-fwalk.o)
                0x000000000800bf9c                _fwalk_sglue
 .text.sprintf  0x000000000800bfd8       0x40 O:/programs/STMicroelectronics/STM32CubeIDE_1.13.1/STM32CubeIDE/plugins/com.st.stm32cube.ide.mcu.externaltools.gnu-tools-for-stm32.11.3.rel1.win32_1.1.0.202305231506/tools/bin/../lib/gcc/arm-none-eabi/11.3.1/../../../../arm-none-eabi/lib/thumb/v7e-m+fp/hard\libc_nano.a(libc_a-sprintf.o)
                0x000000000800bfd8                siprintf
                0x000000000800bfd8                sprintf
 .text.__sread  0x000000000800c018       0x22 O:/programs/STMicroelectronics/STM32CubeIDE_1.13.1/STM32CubeIDE/plugins/com.st.stm32cube.ide.mcu.externaltools.gnu-tools-for-stm32.11.3.rel1.win32_1.1.0.202305231506/tools/bin/../lib/gcc/arm-none-eabi/11.3.1/../../../../arm-none-eabi/lib/thumb/v7e-m+fp/hard\libc_nano.a(libc_a-stdio.o)
                0x000000000800c018                __sread
 .text.__swrite
                0x000000000800c03a       0x38 O:/programs/STMicroelectronics/STM32CubeIDE_1.13.1/STM32CubeIDE/plugins/com.st.stm32cube.ide.mcu.externaltools.gnu-tools-for-stm32.11.3.rel1.win32_1.1.0.202305231506/tools/bin/../lib/gcc/arm-none-eabi/11.3.1/../../../../arm-none-eabi/lib/thumb/v7e-m+fp/hard\libc_nano.a(libc_a-stdio.o)
                0x000000000800c03a                __swrite
 .text.__sseek  0x000000000800c072       0x24 O:/programs/STMicroelectronics/STM32CubeIDE_1.13.1/STM32CubeIDE/plugins/com.st.stm32cube.ide.mcu.externaltools.gnu-tools-for-stm32.11.3.rel1.win32_1.1.0.202305231506/tools/bin/../lib/gcc/arm-none-eabi/11.3.1/../../../../arm-none-eabi/lib/thumb/v7e-m+fp/hard\libc_nano.a(libc_a-stdio.o)
                0x000000000800c072                __sseek
 .text.__sclose
                0x000000000800c096        0x8 O:/programs/STMicroelectronics/STM32CubeIDE_1.13.1/STM32CubeIDE/plugins/com.st.stm32cube.ide.mcu.externaltools.gnu-tools-for-stm32.11.3.rel1.win32_1.1.0.202305231506/tools/bin/../lib/gcc/arm-none-eabi/11.3.1/../../../../arm-none-eabi/lib/thumb/v7e-m+fp/hard\libc_nano.a(libc_a-stdio.o)
                0x000000000800c096                __sclose
 .text.memset   0x000000000800c09e       0x10 O:/programs/STMicroelectronics/STM32CubeIDE_1.13.1/STM32CubeIDE/plugins/com.st.stm32cube.ide.mcu.externaltools.gnu-tools-for-stm32.11.3.rel1.win32_1.1.0.202305231506/tools/bin/../lib/gcc/arm-none-eabi/11.3.1/../../../../arm-none-eabi/lib/thumb/v7e-m+fp/hard\libc_nano.a(libc_a-memset.o)
                0x000000000800c09e                memset
 *fill*         0x000000000800c0ae        0x2 
 .text._localeconv_r
                0x000000000800c0b0        0x8 O:/programs/STMicroelectronics/STM32CubeIDE_1.13.1/STM32CubeIDE/plugins/com.st.stm32cube.ide.mcu.externaltools.gnu-tools-for-stm32.11.3.rel1.win32_1.1.0.202305231506/tools/bin/../lib/gcc/arm-none-eabi/11.3.1/../../../../arm-none-eabi/lib/thumb/v7e-m+fp/hard\libc_nano.a(libc_a-localeconv.o)
                0x000000000800c0b0                _localeconv_r
 .text._close_r
                0x000000000800c0b8       0x20 O:/programs/STMicroelectronics/STM32CubeIDE_1.13.1/STM32CubeIDE/plugins/com.st.stm32cube.ide.mcu.externaltools.gnu-tools-for-stm32.11.3.rel1.win32_1.1.0.202305231506/tools/bin/../lib/gcc/arm-none-eabi/11.3.1/../../../../arm-none-eabi/lib/thumb/v7e-m+fp/hard\libc_nano.a(libc_a-closer.o)
                0x000000000800c0b8                _close_r
 .text._lseek_r
                0x000000000800c0d8       0x24 O:/programs/STMicroelectronics/STM32CubeIDE_1.13.1/STM32CubeIDE/plugins/com.st.stm32cube.ide.mcu.externaltools.gnu-tools-for-stm32.11.3.rel1.win32_1.1.0.202305231506/tools/bin/../lib/gcc/arm-none-eabi/11.3.1/../../../../arm-none-eabi/lib/thumb/v7e-m+fp/hard\libc_nano.a(libc_a-lseekr.o)
                0x000000000800c0d8                _lseek_r
 .text._read_r  0x000000000800c0fc       0x24 O:/programs/STMicroelectronics/STM32CubeIDE_1.13.1/STM32CubeIDE/plugins/com.st.stm32cube.ide.mcu.externaltools.gnu-tools-for-stm32.11.3.rel1.win32_1.1.0.202305231506/tools/bin/../lib/gcc/arm-none-eabi/11.3.1/../../../../arm-none-eabi/lib/thumb/v7e-m+fp/hard\libc_nano.a(libc_a-readr.o)
                0x000000000800c0fc                _read_r
 .text._write_r
                0x000000000800c120       0x24 O:/programs/STMicroelectronics/STM32CubeIDE_1.13.1/STM32CubeIDE/plugins/com.st.stm32cube.ide.mcu.externaltools.gnu-tools-for-stm32.11.3.rel1.win32_1.1.0.202305231506/tools/bin/../lib/gcc/arm-none-eabi/11.3.1/../../../../arm-none-eabi/lib/thumb/v7e-m+fp/hard\libc_nano.a(libc_a-writer.o)
                0x000000000800c120                _write_r
 .text.__errno  0x000000000800c144        0xc O:/programs/STMicroelectronics/STM32CubeIDE_1.13.1/STM32CubeIDE/plugins/com.st.stm32cube.ide.mcu.externaltools.gnu-tools-for-stm32.11.3.rel1.win32_1.1.0.202305231506/tools/bin/../lib/gcc/arm-none-eabi/11.3.1/../../../../arm-none-eabi/lib/thumb/v7e-m+fp/hard\libc_nano.a(libc_a-errno.o)
                0x000000000800c144                __errno
 .text.__libc_init_array
                0x000000000800c150       0x48 O:/programs/STMicroelectronics/STM32CubeIDE_1.13.1/STM32CubeIDE/plugins/com.st.stm32cube.ide.mcu.externaltools.gnu-tools-for-stm32.11.3.rel1.win32_1.1.0.202305231506/tools/bin/../lib/gcc/arm-none-eabi/11.3.1/../../../../arm-none-eabi/lib/thumb/v7e-m+fp/hard\libc_nano.a(libc_a-init.o)
                0x000000000800c150                __libc_init_array
 .text.__retarget_lock_acquire_recursive
                0x000000000800c198        0x2 O:/programs/STMicroelectronics/STM32CubeIDE_1.13.1/STM32CubeIDE/plugins/com.st.stm32cube.ide.mcu.externaltools.gnu-tools-for-stm32.11.3.rel1.win32_1.1.0.202305231506/tools/bin/../lib/gcc/arm-none-eabi/11.3.1/../../../../arm-none-eabi/lib/thumb/v7e-m+fp/hard\libc_nano.a(libc_a-lock.o)
                0x000000000800c198                __retarget_lock_acquire_recursive
 .text.__retarget_lock_release_recursive
                0x000000000800c19a        0x2 O:/programs/STMicroelectronics/STM32CubeIDE_1.13.1/STM32CubeIDE/plugins/com.st.stm32cube.ide.mcu.externaltools.gnu-tools-for-stm32.11.3.rel1.win32_1.1.0.202305231506/tools/bin/../lib/gcc/arm-none-eabi/11.3.1/../../../../arm-none-eabi/lib/thumb/v7e-m+fp/hard\libc_nano.a(libc_a-lock.o)
                0x000000000800c19a                __retarget_lock_release_recursive
 .text.memcpy   0x000000000800c19c       0x1c O:/programs/STMicroelectronics/STM32CubeIDE_1.13.1/STM32CubeIDE/plugins/com.st.stm32cube.ide.mcu.externaltools.gnu-tools-for-stm32.11.3.rel1.win32_1.1.0.202305231506/tools/bin/../lib/gcc/arm-none-eabi/11.3.1/../../../../arm-none-eabi/lib/thumb/v7e-m+fp/hard\libc_nano.a(libc_a-memcpy-stub.o)
                0x000000000800c19c                memcpy
 .text.quorem   0x000000000800c1b8      0x110 O:/programs/STMicroelectronics/STM32CubeIDE_1.13.1/STM32CubeIDE/plugins/com.st.stm32cube.ide.mcu.externaltools.gnu-tools-for-stm32.11.3.rel1.win32_1.1.0.202305231506/tools/bin/../lib/gcc/arm-none-eabi/11.3.1/../../../../arm-none-eabi/lib/thumb/v7e-m+fp/hard\libc_nano.a(libc_a-dtoa.o)
 .text._dtoa_r  0x000000000800c2c8      0xbe4 O:/programs/STMicroelectronics/STM32CubeIDE_1.13.1/STM32CubeIDE/plugins/com.st.stm32cube.ide.mcu.externaltools.gnu-tools-for-stm32.11.3.rel1.win32_1.1.0.202305231506/tools/bin/../lib/gcc/arm-none-eabi/11.3.1/../../../../arm-none-eabi/lib/thumb/v7e-m+fp/hard\libc_nano.a(libc_a-dtoa.o)
                0x000000000800c2c8                _dtoa_r
 .text._free_r  0x000000000800ceac       0x98 O:/programs/STMicroelectronics/STM32CubeIDE_1.13.1/STM32CubeIDE/plugins/com.st.stm32cube.ide.mcu.externaltools.gnu-tools-for-stm32.11.3.rel1.win32_1.1.0.202305231506/tools/bin/../lib/gcc/arm-none-eabi/11.3.1/../../../../arm-none-eabi/lib/thumb/v7e-m+fp/hard\libc_nano.a(libc_a-freer.o)
                0x000000000800ceac                _free_r
 .text.malloc   0x000000000800cf44       0x10 O:/programs/STMicroelectronics/STM32CubeIDE_1.13.1/STM32CubeIDE/plugins/com.st.stm32cube.ide.mcu.externaltools.gnu-tools-for-stm32.11.3.rel1.win32_1.1.0.202305231506/tools/bin/../lib/gcc/arm-none-eabi/11.3.1/../../../../arm-none-eabi/lib/thumb/v7e-m+fp/hard\libc_nano.a(libc_a-malloc.o)
                0x000000000800cf44                malloc
 .text.sbrk_aligned
                0x000000000800cf54       0x40 O:/programs/STMicroelectronics/STM32CubeIDE_1.13.1/STM32CubeIDE/plugins/com.st.stm32cube.ide.mcu.externaltools.gnu-tools-for-stm32.11.3.rel1.win32_1.1.0.202305231506/tools/bin/../lib/gcc/arm-none-eabi/11.3.1/../../../../arm-none-eabi/lib/thumb/v7e-m+fp/hard\libc_nano.a(libc_a-mallocr.o)
 .text._malloc_r
                0x000000000800cf94      0x100 O:/programs/STMicroelectronics/STM32CubeIDE_1.13.1/STM32CubeIDE/plugins/com.st.stm32cube.ide.mcu.externaltools.gnu-tools-for-stm32.11.3.rel1.win32_1.1.0.202305231506/tools/bin/../lib/gcc/arm-none-eabi/11.3.1/../../../../arm-none-eabi/lib/thumb/v7e-m+fp/hard\libc_nano.a(libc_a-mallocr.o)
                0x000000000800cf94                _malloc_r
 .text.__malloc_lock
                0x000000000800d094        0xc O:/programs/STMicroelectronics/STM32CubeIDE_1.13.1/STM32CubeIDE/plugins/com.st.stm32cube.ide.mcu.externaltools.gnu-tools-for-stm32.11.3.rel1.win32_1.1.0.202305231506/tools/bin/../lib/gcc/arm-none-eabi/11.3.1/../../../../arm-none-eabi/lib/thumb/v7e-m+fp/hard\libc_nano.a(libc_a-mlock.o)
                0x000000000800d094                __malloc_lock
 .text.__malloc_unlock
                0x000000000800d0a0        0xc O:/programs/STMicroelectronics/STM32CubeIDE_1.13.1/STM32CubeIDE/plugins/com.st.stm32cube.ide.mcu.externaltools.gnu-tools-for-stm32.11.3.rel1.win32_1.1.0.202305231506/tools/bin/../lib/gcc/arm-none-eabi/11.3.1/../../../../arm-none-eabi/lib/thumb/v7e-m+fp/hard\libc_nano.a(libc_a-mlock.o)
                0x000000000800d0a0                __malloc_unlock
 .text._Balloc  0x000000000800d0ac       0x80 O:/programs/STMicroelectronics/STM32CubeIDE_1.13.1/STM32CubeIDE/plugins/com.st.stm32cube.ide.mcu.externaltools.gnu-tools-for-stm32.11.3.rel1.win32_1.1.0.202305231506/tools/bin/../lib/gcc/arm-none-eabi/11.3.1/../../../../arm-none-eabi/lib/thumb/v7e-m+fp/hard\libc_nano.a(libc_a-mprec.o)
                0x000000000800d0ac                _Balloc
 .text._Bfree   0x000000000800d12c       0x44 O:/programs/STMicroelectronics/STM32CubeIDE_1.13.1/STM32CubeIDE/plugins/com.st.stm32cube.ide.mcu.externaltools.gnu-tools-for-stm32.11.3.rel1.win32_1.1.0.202305231506/tools/bin/../lib/gcc/arm-none-eabi/11.3.1/../../../../arm-none-eabi/lib/thumb/v7e-m+fp/hard\libc_nano.a(libc_a-mprec.o)
                0x000000000800d12c                _Bfree
 .text.__multadd
                0x000000000800d170       0x8c O:/programs/STMicroelectronics/STM32CubeIDE_1.13.1/STM32CubeIDE/plugins/com.st.stm32cube.ide.mcu.externaltools.gnu-tools-for-stm32.11.3.rel1.win32_1.1.0.202305231506/tools/bin/../lib/gcc/arm-none-eabi/11.3.1/../../../../arm-none-eabi/lib/thumb/v7e-m+fp/hard\libc_nano.a(libc_a-mprec.o)
                0x000000000800d170                __multadd
 .text.__hi0bits
                0x000000000800d1fc       0x40 O:/programs/STMicroelectronics/STM32CubeIDE_1.13.1/STM32CubeIDE/plugins/com.st.stm32cube.ide.mcu.externaltools.gnu-tools-for-stm32.11.3.rel1.win32_1.1.0.202305231506/tools/bin/../lib/gcc/arm-none-eabi/11.3.1/../../../../arm-none-eabi/lib/thumb/v7e-m+fp/hard\libc_nano.a(libc_a-mprec.o)
                0x000000000800d1fc                __hi0bits
 .text.__lo0bits
                0x000000000800d23c       0x5a O:/programs/STMicroelectronics/STM32CubeIDE_1.13.1/STM32CubeIDE/plugins/com.st.stm32cube.ide.mcu.externaltools.gnu-tools-for-stm32.11.3.rel1.win32_1.1.0.202305231506/tools/bin/../lib/gcc/arm-none-eabi/11.3.1/../../../../arm-none-eabi/lib/thumb/v7e-m+fp/hard\libc_nano.a(libc_a-mprec.o)
                0x000000000800d23c                __lo0bits
 *fill*         0x000000000800d296        0x2 
 .text.__i2b    0x000000000800d298       0x2c O:/programs/STMicroelectronics/STM32CubeIDE_1.13.1/STM32CubeIDE/plugins/com.st.stm32cube.ide.mcu.externaltools.gnu-tools-for-stm32.11.3.rel1.win32_1.1.0.202305231506/tools/bin/../lib/gcc/arm-none-eabi/11.3.1/../../../../arm-none-eabi/lib/thumb/v7e-m+fp/hard\libc_nano.a(libc_a-mprec.o)
                0x000000000800d298                __i2b
 .text.__multiply
                0x000000000800d2c4      0x154 O:/programs/STMicroelectronics/STM32CubeIDE_1.13.1/STM32CubeIDE/plugins/com.st.stm32cube.ide.mcu.externaltools.gnu-tools-for-stm32.11.3.rel1.win32_1.1.0.202305231506/tools/bin/../lib/gcc/arm-none-eabi/11.3.1/../../../../arm-none-eabi/lib/thumb/v7e-m+fp/hard\libc_nano.a(libc_a-mprec.o)
                0x000000000800d2c4                __multiply
 .text.__pow5mult
                0x000000000800d418       0xb4 O:/programs/STMicroelectronics/STM32CubeIDE_1.13.1/STM32CubeIDE/plugins/com.st.stm32cube.ide.mcu.externaltools.gnu-tools-for-stm32.11.3.rel1.win32_1.1.0.202305231506/tools/bin/../lib/gcc/arm-none-eabi/11.3.1/../../../../arm-none-eabi/lib/thumb/v7e-m+fp/hard\libc_nano.a(libc_a-mprec.o)
                0x000000000800d418                __pow5mult
 .text.__lshift
                0x000000000800d4cc       0xd8 O:/programs/STMicroelectronics/STM32CubeIDE_1.13.1/STM32CubeIDE/plugins/com.st.stm32cube.ide.mcu.externaltools.gnu-tools-for-stm32.11.3.rel1.win32_1.1.0.202305231506/tools/bin/../lib/gcc/arm-none-eabi/11.3.1/../../../../arm-none-eabi/lib/thumb/v7e-m+fp/hard\libc_nano.a(libc_a-mprec.o)
                0x000000000800d4cc                __lshift
 .text.__mcmp   0x000000000800d5a4       0x38 O:/programs/STMicroelectronics/STM32CubeIDE_1.13.1/STM32CubeIDE/plugins/com.st.stm32cube.ide.mcu.externaltools.gnu-tools-for-stm32.11.3.rel1.win32_1.1.0.202305231506/tools/bin/../lib/gcc/arm-none-eabi/11.3.1/../../../../arm-none-eabi/lib/thumb/v7e-m+fp/hard\libc_nano.a(libc_a-mprec.o)
                0x000000000800d5a4                __mcmp
 .text.__mdiff  0x000000000800d5dc      0x114 O:/programs/STMicroelectronics/STM32CubeIDE_1.13.1/STM32CubeIDE/plugins/com.st.stm32cube.ide.mcu.externaltools.gnu-tools-for-stm32.11.3.rel1.win32_1.1.0.202305231506/tools/bin/../lib/gcc/arm-none-eabi/11.3.1/../../../../arm-none-eabi/lib/thumb/v7e-m+fp/hard\libc_nano.a(libc_a-mprec.o)
                0x000000000800d5dc                __mdiff
 .text.__d2b    0x000000000800d6f0       0xb4 O:/programs/STMicroelectronics/STM32CubeIDE_1.13.1/STM32CubeIDE/plugins/com.st.stm32cube.ide.mcu.externaltools.gnu-tools-for-stm32.11.3.rel1.win32_1.1.0.202305231506/tools/bin/../lib/gcc/arm-none-eabi/11.3.1/../../../../arm-none-eabi/lib/thumb/v7e-m+fp/hard\libc_nano.a(libc_a-mprec.o)
                0x000000000800d6f0                __d2b
 .text.__ssputs_r
                0x000000000800d7a4       0xb4 O:/programs/STMicroelectronics/STM32CubeIDE_1.13.1/STM32CubeIDE/plugins/com.st.stm32cube.ide.mcu.externaltools.gnu-tools-for-stm32.11.3.rel1.win32_1.1.0.202305231506/tools/bin/../lib/gcc/arm-none-eabi/11.3.1/../../../../arm-none-eabi/lib/thumb/v7e-m+fp/hard\libc_nano.a(libc_a-nano-svfprintf.o)
                0x000000000800d7a4                __ssputs_r
 .text._svfprintf_r
                0x000000000800d858      0x1fc O:/programs/STMicroelectronics/STM32CubeIDE_1.13.1/STM32CubeIDE/plugins/com.st.stm32cube.ide.mcu.externaltools.gnu-tools-for-stm32.11.3.rel1.win32_1.1.0.202305231506/tools/bin/../lib/gcc/arm-none-eabi/11.3.1/../../../../arm-none-eabi/lib/thumb/v7e-m+fp/hard\libc_nano.a(libc_a-nano-svfprintf.o)
                0x000000000800d858                _svfiprintf_r
                0x000000000800d858                _svfprintf_r
 .text.__sflush_r
                0x000000000800da54      0x10c O:/programs/STMicroelectronics/STM32CubeIDE_1.13.1/STM32CubeIDE/plugins/com.st.stm32cube.ide.mcu.externaltools.gnu-tools-for-stm32.11.3.rel1.win32_1.1.0.202305231506/tools/bin/../lib/gcc/arm-none-eabi/11.3.1/../../../../arm-none-eabi/lib/thumb/v7e-m+fp/hard\libc_nano.a(libc_a-fflush.o)
                0x000000000800da54                __sflush_r
 .text._fflush_r
                0x000000000800db60       0x50 O:/programs/STMicroelectronics/STM32CubeIDE_1.13.1/STM32CubeIDE/plugins/com.st.stm32cube.ide.mcu.externaltools.gnu-tools-for-stm32.11.3.rel1.win32_1.1.0.202305231506/tools/bin/../lib/gcc/arm-none-eabi/11.3.1/../../../../arm-none-eabi/lib/thumb/v7e-m+fp/hard\libc_nano.a(libc_a-fflush.o)
                0x000000000800db60                _fflush_r
 .text.memmove  0x000000000800dbb0       0x34 O:/programs/STMicroelectronics/STM32CubeIDE_1.13.1/STM32CubeIDE/plugins/com.st.stm32cube.ide.mcu.externaltools.gnu-tools-for-stm32.11.3.rel1.win32_1.1.0.202305231506/tools/bin/../lib/gcc/arm-none-eabi/11.3.1/../../../../arm-none-eabi/lib/thumb/v7e-m+fp/hard\libc_nano.a(libc_a-memmove.o)
                0x000000000800dbb0                memmove
 .text._sbrk_r  0x000000000800dbe4       0x20 O:/programs/STMicroelectronics/STM32CubeIDE_1.13.1/STM32CubeIDE/plugins/com.st.stm32cube.ide.mcu.externaltools.gnu-tools-for-stm32.11.3.rel1.win32_1.1.0.202305231506/tools/bin/../lib/gcc/arm-none-eabi/11.3.1/../../../../arm-none-eabi/lib/thumb/v7e-m+fp/hard\libc_nano.a(libc_a-sbrkr.o)
                0x000000000800dbe4                _sbrk_r
 .text.__assert_func
                0x000000000800dc04       0x3c O:/programs/STMicroelectronics/STM32CubeIDE_1.13.1/STM32CubeIDE/plugins/com.st.stm32cube.ide.mcu.externaltools.gnu-tools-for-stm32.11.3.rel1.win32_1.1.0.202305231506/tools/bin/../lib/gcc/arm-none-eabi/11.3.1/../../../../arm-none-eabi/lib/thumb/v7e-m+fp/hard\libc_nano.a(libc_a-assert.o)
                0x000000000800dc04                __assert_func
 .text._calloc_r
                0x000000000800dc40       0x2c O:/programs/STMicroelectronics/STM32CubeIDE_1.13.1/STM32CubeIDE/plugins/com.st.stm32cube.ide.mcu.externaltools.gnu-tools-for-stm32.11.3.rel1.win32_1.1.0.202305231506/tools/bin/../lib/gcc/arm-none-eabi/11.3.1/../../../../arm-none-eabi/lib/thumb/v7e-m+fp/hard\libc_nano.a(libc_a-callocr.o)
                0x000000000800dc40                _calloc_r
 .text.__ascii_mbtowc
                0x000000000800dc6c       0x24 O:/programs/STMicroelectronics/STM32CubeIDE_1.13.1/STM32CubeIDE/plugins/com.st.stm32cube.ide.mcu.externaltools.gnu-tools-for-stm32.11.3.rel1.win32_1.1.0.202305231506/tools/bin/../lib/gcc/arm-none-eabi/11.3.1/../../../../arm-none-eabi/lib/thumb/v7e-m+fp/hard\libc_nano.a(libc_a-mbtowc_r.o)
                0x000000000800dc6c                __ascii_mbtowc
 .text._realloc_r
                0x000000000800dc90       0x5e O:/programs/STMicroelectronics/STM32CubeIDE_1.13.1/STM32CubeIDE/plugins/com.st.stm32cube.ide.mcu.externaltools.gnu-tools-for-stm32.11.3.rel1.win32_1.1.0.202305231506/tools/bin/../lib/gcc/arm-none-eabi/11.3.1/../../../../arm-none-eabi/lib/thumb/v7e-m+fp/hard\libc_nano.a(libc_a-reallocr.o)
                0x000000000800dc90                _realloc_r
 .text.__ascii_wctomb
                0x000000000800dcee       0x1a O:/programs/STMicroelectronics/STM32CubeIDE_1.13.1/STM32CubeIDE/plugins/com.st.stm32cube.ide.mcu.externaltools.gnu-tools-for-stm32.11.3.rel1.win32_1.1.0.202305231506/tools/bin/../lib/gcc/arm-none-eabi/11.3.1/../../../../arm-none-eabi/lib/thumb/v7e-m+fp/hard\libc_nano.a(libc_a-wctomb_r.o)
                0x000000000800dcee                __ascii_wctomb
 .text.fprintf  0x000000000800dd08       0x24 O:/programs/STMicroelectronics/STM32CubeIDE_1.13.1/STM32CubeIDE/plugins/com.st.stm32cube.ide.mcu.externaltools.gnu-tools-for-stm32.11.3.rel1.win32_1.1.0.202305231506/tools/bin/../lib/gcc/arm-none-eabi/11.3.1/../../../../arm-none-eabi/lib/thumb/v7e-m+fp/hard\libc_nano.a(libc_a-fprintf.o)
                0x000000000800dd08                fiprintf
                0x000000000800dd08                fprintf
 .text.abort    0x000000000800dd2c        0xe O:/programs/STMicroelectronics/STM32CubeIDE_1.13.1/STM32CubeIDE/plugins/com.st.stm32cube.ide.mcu.externaltools.gnu-tools-for-stm32.11.3.rel1.win32_1.1.0.202305231506/tools/bin/../lib/gcc/arm-none-eabi/11.3.1/../../../../arm-none-eabi/lib/thumb/v7e-m+fp/hard\libc_nano.a(libc_a-abort.o)
                0x000000000800dd2c                abort
 .text._malloc_usable_size_r
                0x000000000800dd3a       0x10 O:/programs/STMicroelectronics/STM32CubeIDE_1.13.1/STM32CubeIDE/plugins/com.st.stm32cube.ide.mcu.externaltools.gnu-tools-for-stm32.11.3.rel1.win32_1.1.0.202305231506/tools/bin/../lib/gcc/arm-none-eabi/11.3.1/../../../../arm-none-eabi/lib/thumb/v7e-m+fp/hard\libc_nano.a(libc_a-msizer.o)
                0x000000000800dd3a                _malloc_usable_size_r
 .text.__sfputc_r
                0x000000000800dd4a       0x2e O:/programs/STMicroelectronics/STM32CubeIDE_1.13.1/STM32CubeIDE/plugins/com.st.stm32cube.ide.mcu.externaltools.gnu-tools-for-stm32.11.3.rel1.win32_1.1.0.202305231506/tools/bin/../lib/gcc/arm-none-eabi/11.3.1/../../../../arm-none-eabi/lib/thumb/v7e-m+fp/hard\libc_nano.a(libc_a-nano-vfprintf.o)
 .text.__sfputs_r
                0x000000000800dd78       0x24 O:/programs/STMicroelectronics/STM32CubeIDE_1.13.1/STM32CubeIDE/plugins/com.st.stm32cube.ide.mcu.externaltools.gnu-tools-for-stm32.11.3.rel1.win32_1.1.0.202305231506/tools/bin/../lib/gcc/arm-none-eabi/11.3.1/../../../../arm-none-eabi/lib/thumb/v7e-m+fp/hard\libc_nano.a(libc_a-nano-vfprintf.o)
                0x000000000800dd78                __sfputs_r
 .text._vfprintf_r
                0x000000000800dd9c      0x234 O:/programs/STMicroelectronics/STM32CubeIDE_1.13.1/STM32CubeIDE/plugins/com.st.stm32cube.ide.mcu.externaltools.gnu-tools-for-stm32.11.3.rel1.win32_1.1.0.202305231506/tools/bin/../lib/gcc/arm-none-eabi/11.3.1/../../../../arm-none-eabi/lib/thumb/v7e-m+fp/hard\libc_nano.a(libc_a-nano-vfprintf.o)
                0x000000000800dd9c                _vfprintf_r
                0x000000000800dd9c                _vfiprintf_r
 .text.__swbuf_r
                0x000000000800dfd0       0x7a O:/programs/STMicroelectronics/STM32CubeIDE_1.13.1/STM32CubeIDE/plugins/com.st.stm32cube.ide.mcu.externaltools.gnu-tools-for-stm32.11.3.rel1.win32_1.1.0.202305231506/tools/bin/../lib/gcc/arm-none-eabi/11.3.1/../../../../arm-none-eabi/lib/thumb/v7e-m+fp/hard\libc_nano.a(libc_a-wbuf.o)
                0x000000000800dfd0                __swbuf_r
 *fill*         0x000000000800e04a        0x2 
 .text.__swsetup_r
                0x000000000800e04c       0xb0 O:/programs/STMicroelectronics/STM32CubeIDE_1.13.1/STM32CubeIDE/plugins/com.st.stm32cube.ide.mcu.externaltools.gnu-tools-for-stm32.11.3.rel1.win32_1.1.0.202305231506/tools/bin/../lib/gcc/arm-none-eabi/11.3.1/../../../../arm-none-eabi/lib/thumb/v7e-m+fp/hard\libc_nano.a(libc_a-wsetup.o)
                0x000000000800e04c                __swsetup_r
 .text._raise_r
                0x000000000800e0fc       0x50 O:/programs/STMicroelectronics/STM32CubeIDE_1.13.1/STM32CubeIDE/plugins/com.st.stm32cube.ide.mcu.externaltools.gnu-tools-for-stm32.11.3.rel1.win32_1.1.0.202305231506/tools/bin/../lib/gcc/arm-none-eabi/11.3.1/../../../../arm-none-eabi/lib/thumb/v7e-m+fp/hard\libc_nano.a(libc_a-signal.o)
                0x000000000800e0fc                _raise_r
 .text.raise    0x000000000800e14c       0x10 O:/programs/STMicroelectronics/STM32CubeIDE_1.13.1/STM32CubeIDE/plugins/com.st.stm32cube.ide.mcu.externaltools.gnu-tools-for-stm32.11.3.rel1.win32_1.1.0.202305231506/tools/bin/../lib/gcc/arm-none-eabi/11.3.1/../../../../arm-none-eabi/lib/thumb/v7e-m+fp/hard\libc_nano.a(libc_a-signal.o)
                0x000000000800e14c                raise
 .text._kill_r  0x000000000800e15c       0x24 O:/programs/STMicroelectronics/STM32CubeIDE_1.13.1/STM32CubeIDE/plugins/com.st.stm32cube.ide.mcu.externaltools.gnu-tools-for-stm32.11.3.rel1.win32_1.1.0.202305231506/tools/bin/../lib/gcc/arm-none-eabi/11.3.1/../../../../arm-none-eabi/lib/thumb/v7e-m+fp/hard\libc_nano.a(libc_a-signalr.o)
                0x000000000800e15c                _kill_r
 .text._getpid_r
                0x000000000800e180        0x4 O:/programs/STMicroelectronics/STM32CubeIDE_1.13.1/STM32CubeIDE/plugins/com.st.stm32cube.ide.mcu.externaltools.gnu-tools-for-stm32.11.3.rel1.win32_1.1.0.202305231506/tools/bin/../lib/gcc/arm-none-eabi/11.3.1/../../../../arm-none-eabi/lib/thumb/v7e-m+fp/hard\libc_nano.a(libc_a-signalr.o)
                0x000000000800e180                _getpid_r
 .text.__swhatbuf_r
                0x000000000800e184       0x4c O:/programs/STMicroelectronics/STM32CubeIDE_1.13.1/STM32CubeIDE/plugins/com.st.stm32cube.ide.mcu.externaltools.gnu-tools-for-stm32.11.3.rel1.win32_1.1.0.202305231506/tools/bin/../lib/gcc/arm-none-eabi/11.3.1/../../../../arm-none-eabi/lib/thumb/v7e-m+fp/hard\libc_nano.a(libc_a-makebuf.o)
                0x000000000800e184                __swhatbuf_r
 .text.__smakebuf_r
                0x000000000800e1d0       0x78 O:/programs/STMicroelectronics/STM32CubeIDE_1.13.1/STM32CubeIDE/plugins/com.st.stm32cube.ide.mcu.externaltools.gnu-tools-for-stm32.11.3.rel1.win32_1.1.0.202305231506/tools/bin/../lib/gcc/arm-none-eabi/11.3.1/../../../../arm-none-eabi/lib/thumb/v7e-m+fp/hard\libc_nano.a(libc_a-makebuf.o)
                0x000000000800e1d0                __smakebuf_r
 .text._fstat_r
                0x000000000800e248       0x24 O:/programs/STMicroelectronics/STM32CubeIDE_1.13.1/STM32CubeIDE/plugins/com.st.stm32cube.ide.mcu.externaltools.gnu-tools-for-stm32.11.3.rel1.win32_1.1.0.202305231506/tools/bin/../lib/gcc/arm-none-eabi/11.3.1/../../../../arm-none-eabi/lib/thumb/v7e-m+fp/hard\libc_nano.a(libc_a-fstatr.o)
                0x000000000800e248                _fstat_r
 .text._isatty_r
                0x000000000800e26c       0x20 O:/programs/STMicroelectronics/STM32CubeIDE_1.13.1/STM32CubeIDE/plugins/com.st.stm32cube.ide.mcu.externaltools.gnu-tools-for-stm32.11.3.rel1.win32_1.1.0.202305231506/tools/bin/../lib/gcc/arm-none-eabi/11.3.1/../../../../arm-none-eabi/lib/thumb/v7e-m+fp/hard\libc_nano.a(libc_a-isattyr.o)
                0x000000000800e26c                _isatty_r
 .text.pow      0x000000000800e28c       0xe0 O:/programs/STMicroelectronics/STM32CubeIDE_1.13.1/STM32CubeIDE/plugins/com.st.stm32cube.ide.mcu.externaltools.gnu-tools-for-stm32.11.3.rel1.win32_1.1.0.202305231506/tools/bin/../lib/gcc/arm-none-eabi/11.3.1/../../../../arm-none-eabi/lib/thumb/v7e-m+fp/hard\libm.a(libm_a-w_pow.o)
                0x000000000800e28c                pow
 .text.finite   0x000000000800e36c       0x16 O:/programs/STMicroelectronics/STM32CubeIDE_1.13.1/STM32CubeIDE/plugins/com.st.stm32cube.ide.mcu.externaltools.gnu-tools-for-stm32.11.3.rel1.win32_1.1.0.202305231506/tools/bin/../lib/gcc/arm-none-eabi/11.3.1/../../../../arm-none-eabi/lib/thumb/v7e-m+fp/hard\libm.a(libm_a-s_finite.o)
                0x000000000800e36c                finite
 *fill*         0x000000000800e382        0x6 
 .text.__ieee754_pow
                0x000000000800e388      0xa54 O:/programs/STMicroelectronics/STM32CubeIDE_1.13.1/STM32CubeIDE/plugins/com.st.stm32cube.ide.mcu.externaltools.gnu-tools-for-stm32.11.3.rel1.win32_1.1.0.202305231506/tools/bin/../lib/gcc/arm-none-eabi/11.3.1/../../../../arm-none-eabi/lib/thumb/v7e-m+fp/hard\libm.a(libm_a-e_pow.o)
                0x000000000800e388                __ieee754_pow
 .text.fabs     0x000000000800eddc       0x12 O:/programs/STMicroelectronics/STM32CubeIDE_1.13.1/STM32CubeIDE/plugins/com.st.stm32cube.ide.mcu.externaltools.gnu-tools-for-stm32.11.3.rel1.win32_1.1.0.202305231506/tools/bin/../lib/gcc/arm-none-eabi/11.3.1/../../../../arm-none-eabi/lib/thumb/v7e-m+fp/hard\libm.a(libm_a-s_fabs.o)
                0x000000000800eddc                fabs
 *fill*         0x000000000800edee        0x2 
 .text.scalbn   0x000000000800edf0       0xfc O:/programs/STMicroelectronics/STM32CubeIDE_1.13.1/STM32CubeIDE/plugins/com.st.stm32cube.ide.mcu.externaltools.gnu-tools-for-stm32.11.3.rel1.win32_1.1.0.202305231506/tools/bin/../lib/gcc/arm-none-eabi/11.3.1/../../../../arm-none-eabi/lib/thumb/v7e-m+fp/hard\libm.a(libm_a-s_scalbn.o)
                0x000000000800edf0                scalbn
 .text.with_errno
                0x000000000800eeec       0x14 O:/programs/STMicroelectronics/STM32CubeIDE_1.13.1/STM32CubeIDE/plugins/com.st.stm32cube.ide.mcu.externaltools.gnu-tools-for-stm32.11.3.rel1.win32_1.1.0.202305231506/tools/bin/../lib/gcc/arm-none-eabi/11.3.1/../../../../arm-none-eabi/lib/thumb/v7e-m+fp/hard\libm.a(libm_a-math_err.o)
 .text.xflow    0x000000000800ef00       0x28 O:/programs/STMicroelectronics/STM32CubeIDE_1.13.1/STM32CubeIDE/plugins/com.st.stm32cube.ide.mcu.externaltools.gnu-tools-for-stm32.11.3.rel1.win32_1.1.0.202305231506/tools/bin/../lib/gcc/arm-none-eabi/11.3.1/../../../../arm-none-eabi/lib/thumb/v7e-m+fp/hard\libm.a(libm_a-math_err.o)
 .text.__math_uflow
                0x000000000800ef28       0x12 O:/programs/STMicroelectronics/STM32CubeIDE_1.13.1/STM32CubeIDE/plugins/com.st.stm32cube.ide.mcu.externaltools.gnu-tools-for-stm32.11.3.rel1.win32_1.1.0.202305231506/tools/bin/../lib/gcc/arm-none-eabi/11.3.1/../../../../arm-none-eabi/lib/thumb/v7e-m+fp/hard\libm.a(libm_a-math_err.o)
                0x000000000800ef28                __math_uflow
 .text.__math_oflow
                0x000000000800ef3a       0x12 O:/programs/STMicroelectronics/STM32CubeIDE_1.13.1/STM32CubeIDE/plugins/com.st.stm32cube.ide.mcu.externaltools.gnu-tools-for-stm32.11.3.rel1.win32_1.1.0.202305231506/tools/bin/../lib/gcc/arm-none-eabi/11.3.1/../../../../arm-none-eabi/lib/thumb/v7e-m+fp/hard\libm.a(libm_a-math_err.o)
                0x000000000800ef3a                __math_oflow
 .text.__ieee754_sqrt
                0x000000000800ef4c      0x1b4 O:/programs/STMicroelectronics/STM32CubeIDE_1.13.1/STM32CubeIDE/plugins/com.st.stm32cube.ide.mcu.externaltools.gnu-tools-for-stm32.11.3.rel1.win32_1.1.0.202305231506/tools/bin/../lib/gcc/arm-none-eabi/11.3.1/../../../../arm-none-eabi/lib/thumb/v7e-m+fp/hard\libm.a(libm_a-e_sqrt.o)
                0x000000000800ef4c                __ieee754_sqrt
 *(.glue_7)
 .glue_7        0x000000000800f100        0x0 linker stubs
 *(.glue_7t)
 .glue_7t       0x000000000800f100        0x0 linker stubs
 *(.eh_frame)
 .eh_frame      0x000000000800f100        0x0 O:/programs/STMicroelectronics/STM32CubeIDE_1.13.1/STM32CubeIDE/plugins/com.st.stm32cube.ide.mcu.externaltools.gnu-tools-for-stm32.11.3.rel1.win32_1.1.0.202305231506/tools/bin/../lib/gcc/arm-none-eabi/11.3.1/thumb/v7e-m+fp/hard/crtbegin.o
 *(.init)
 .init          0x000000000800f100        0x4 O:/programs/STMicroelectronics/STM32CubeIDE_1.13.1/STM32CubeIDE/plugins/com.st.stm32cube.ide.mcu.externaltools.gnu-tools-for-stm32.11.3.rel1.win32_1.1.0.202305231506/tools/bin/../lib/gcc/arm-none-eabi/11.3.1/thumb/v7e-m+fp/hard/crti.o
                0x000000000800f100                _init
 .init          0x000000000800f104        0x8 O:/programs/STMicroelectronics/STM32CubeIDE_1.13.1/STM32CubeIDE/plugins/com.st.stm32cube.ide.mcu.externaltools.gnu-tools-for-stm32.11.3.rel1.win32_1.1.0.202305231506/tools/bin/../lib/gcc/arm-none-eabi/11.3.1/thumb/v7e-m+fp/hard/crtn.o
 *(.fini)
 .fini          0x000000000800f10c        0x4 O:/programs/STMicroelectronics/STM32CubeIDE_1.13.1/STM32CubeIDE/plugins/com.st.stm32cube.ide.mcu.externaltools.gnu-tools-for-stm32.11.3.rel1.win32_1.1.0.202305231506/tools/bin/../lib/gcc/arm-none-eabi/11.3.1/thumb/v7e-m+fp/hard/crti.o
                0x000000000800f10c                _fini
 .fini          0x000000000800f110        0x8 O:/programs/STMicroelectronics/STM32CubeIDE_1.13.1/STM32CubeIDE/plugins/com.st.stm32cube.ide.mcu.externaltools.gnu-tools-for-stm32.11.3.rel1.win32_1.1.0.202305231506/tools/bin/../lib/gcc/arm-none-eabi/11.3.1/thumb/v7e-m+fp/hard/crtn.o
                0x000000000800f118                . = ALIGN (0x4)
                0x000000000800f118                _etext = .

.vfp11_veneer   0x000000000800f118        0x0
 .vfp11_veneer  0x000000000800f118        0x0 linker stubs

.v4_bx          0x000000000800f118        0x0
 .v4_bx         0x000000000800f118        0x0 linker stubs

.iplt           0x000000000800f118        0x0
 .iplt          0x000000000800f118        0x0 O:/programs/STMicroelectronics/STM32CubeIDE_1.13.1/STM32CubeIDE/plugins/com.st.stm32cube.ide.mcu.externaltools.gnu-tools-for-stm32.11.3.rel1.win32_1.1.0.202305231506/tools/bin/../lib/gcc/arm-none-eabi/11.3.1/thumb/v7e-m+fp/hard/crtbegin.o

.rodata         0x000000000800f118      0x7b8
                0x000000000800f118                . = ALIGN (0x4)
 *(.rodata)
 .rodata        0x000000000800f118       0x78 ./Core/Src/espATcommands.o
 .rodata        0x000000000800f190      0x34c ./Core/Src/main.o
 .rodata        0x000000000800f4dc        0x5 ./Middlewares/Third_Party/FreeRTOS/Source/tasks.o
 *fill*         0x000000000800f4e1        0x3 
 .rodata        0x000000000800f4e4        0xd ./Middlewares/Third_Party/FreeRTOS/Source/timers.o
 *(.rodata*)
 *fill*         0x000000000800f4f1        0x3 
 .rodata.AHBPrescTable
                0x000000000800f4f4       0x10 ./Core/Src/system_stm32f3xx.o
                0x000000000800f4f4                AHBPrescTable
 .rodata.APBPrescTable
                0x000000000800f504        0x8 ./Core/Src/system_stm32f3xx.o
                0x000000000800f504                APBPrescTable
 .rodata.aPLLMULFactorTable
                0x000000000800f50c       0x10 ./Drivers/STM32F3xx_HAL_Driver/Src/stm32f3xx_hal_rcc.o
 .rodata.aPredivFactorTable
                0x000000000800f51c       0x10 ./Drivers/STM32F3xx_HAL_Driver/Src/stm32f3xx_hal_rcc.o
 .rodata._printf_float.str1.1
                0x000000000800f52c       0x12 O:/programs/STMicroelectronics/STM32CubeIDE_1.13.1/STM32CubeIDE/plugins/com.st.stm32cube.ide.mcu.externaltools.gnu-tools-for-stm32.11.3.rel1.win32_1.1.0.202305231506/tools/bin/../lib/gcc/arm-none-eabi/11.3.1/../../../../arm-none-eabi/lib/thumb/v7e-m+fp/hard\libc_nano.a(libc_a-nano-vfprintf_float.o)
 .rodata._printf_i.str1.1
                0x000000000800f53e       0x22 O:/programs/STMicroelectronics/STM32CubeIDE_1.13.1/STM32CubeIDE/plugins/com.st.stm32cube.ide.mcu.externaltools.gnu-tools-for-stm32.11.3.rel1.win32_1.1.0.202305231506/tools/bin/../lib/gcc/arm-none-eabi/11.3.1/../../../../arm-none-eabi/lib/thumb/v7e-m+fp/hard\libc_nano.a(libc_a-nano-vfprintf_i.o)
 .rodata._dtoa_r.str1.1
                0x000000000800f560       0x8d O:/programs/STMicroelectronics/STM32CubeIDE_1.13.1/STM32CubeIDE/plugins/com.st.stm32cube.ide.mcu.externaltools.gnu-tools-for-stm32.11.3.rel1.win32_1.1.0.202305231506/tools/bin/../lib/gcc/arm-none-eabi/11.3.1/../../../../arm-none-eabi/lib/thumb/v7e-m+fp/hard\libc_nano.a(libc_a-dtoa.o)
                                         0x8f (size before relaxing)
 .rodata._Balloc.str1.1
                0x000000000800f5ed       0x59 O:/programs/STMicroelectronics/STM32CubeIDE_1.13.1/STM32CubeIDE/plugins/com.st.stm32cube.ide.mcu.externaltools.gnu-tools-for-stm32.11.3.rel1.win32_1.1.0.202305231506/tools/bin/../lib/gcc/arm-none-eabi/11.3.1/../../../../arm-none-eabi/lib/thumb/v7e-m+fp/hard\libc_nano.a(libc_a-mprec.o)
                                         0x70 (size before relaxing)
 .rodata.__multadd.str1.1
                0x000000000800f646       0x11 O:/programs/STMicroelectronics/STM32CubeIDE_1.13.1/STM32CubeIDE/plugins/com.st.stm32cube.ide.mcu.externaltools.gnu-tools-for-stm32.11.3.rel1.win32_1.1.0.202305231506/tools/bin/../lib/gcc/arm-none-eabi/11.3.1/../../../../arm-none-eabi/lib/thumb/v7e-m+fp/hard\libc_nano.a(libc_a-mprec.o)
 *fill*         0x000000000800f646        0x2 
 .rodata.__mprec_bigtens
                0x000000000800f648       0x28 O:/programs/STMicroelectronics/STM32CubeIDE_1.13.1/STM32CubeIDE/plugins/com.st.stm32cube.ide.mcu.externaltools.gnu-tools-for-stm32.11.3.rel1.win32_1.1.0.202305231506/tools/bin/../lib/gcc/arm-none-eabi/11.3.1/../../../../arm-none-eabi/lib/thumb/v7e-m+fp/hard\libc_nano.a(libc_a-mprec.o)
                0x000000000800f648                __mprec_bigtens
 .rodata.__mprec_tens
                0x000000000800f670       0xc8 O:/programs/STMicroelectronics/STM32CubeIDE_1.13.1/STM32CubeIDE/plugins/com.st.stm32cube.ide.mcu.externaltools.gnu-tools-for-stm32.11.3.rel1.win32_1.1.0.202305231506/tools/bin/../lib/gcc/arm-none-eabi/11.3.1/../../../../arm-none-eabi/lib/thumb/v7e-m+fp/hard\libc_nano.a(libc_a-mprec.o)
                0x000000000800f670                __mprec_tens
 .rodata.p05.0  0x000000000800f738        0xc O:/programs/STMicroelectronics/STM32CubeIDE_1.13.1/STM32CubeIDE/plugins/com.st.stm32cube.ide.mcu.externaltools.gnu-tools-for-stm32.11.3.rel1.win32_1.1.0.202305231506/tools/bin/../lib/gcc/arm-none-eabi/11.3.1/../../../../arm-none-eabi/lib/thumb/v7e-m+fp/hard\libc_nano.a(libc_a-mprec.o)
 .rodata._svfprintf_r.str1.1
                0x000000000800f744       0x11 O:/programs/STMicroelectronics/STM32CubeIDE_1.13.1/STM32CubeIDE/plugins/com.st.stm32cube.ide.mcu.externaltools.gnu-tools-for-stm32.11.3.rel1.win32_1.1.0.202305231506/tools/bin/../lib/gcc/arm-none-eabi/11.3.1/../../../../arm-none-eabi/lib/thumb/v7e-m+fp/hard\libc_nano.a(libc_a-nano-svfprintf.o)
 .rodata._setlocale_r.str1.1
                0x000000000800f755        0x8 O:/programs/STMicroelectronics/STM32CubeIDE_1.13.1/STM32CubeIDE/plugins/com.st.stm32cube.ide.mcu.externaltools.gnu-tools-for-stm32.11.3.rel1.win32_1.1.0.202305231506/tools/bin/../lib/gcc/arm-none-eabi/11.3.1/../../../../arm-none-eabi/lib/thumb/v7e-m+fp/hard\libc_nano.a(libc_a-locale.o)
                                          0x9 (size before relaxing)
 .rodata.str1.1
                0x000000000800f75d        0x2 O:/programs/STMicroelectronics/STM32CubeIDE_1.13.1/STM32CubeIDE/plugins/com.st.stm32cube.ide.mcu.externaltools.gnu-tools-for-stm32.11.3.rel1.win32_1.1.0.202305231506/tools/bin/../lib/gcc/arm-none-eabi/11.3.1/../../../../arm-none-eabi/lib/thumb/v7e-m+fp/hard\libc_nano.a(libc_a-locale.o)
 .rodata.__assert_func.str1.1