../Drivers/CMSIS/Include/core_cm4.h:1688:22:__NVIC_EnableIRQ	16	static
../Drivers/CMSIS/Include/core_cm4.h:1816:22:__NVIC_SetPriority	16	static
../Core/Src/main.c:135:5:main	248	static
../Core/Src/main.c:293:6:SystemClock_Config	120	static
../Core/Src/main.c:344:13:MX_ADC1_Init	32	static
../Core/Src/main.c:401:13:MX_SPI2_Init	8	static
../Core/Src/main.c:441:13:MX_TIM15_Init	40	static
../Core/Src/main.c:487:13:MX_TIM16_Init	8	static
../Core/Src/main.c:519:13:MX_TIM17_Init	8	static
../Core/Src/main.c:551:13:MX_USART3_UART_Init	8	static
../Core/Src/main.c:584:13:MX_DMA_Init	16	static
../Core/Src/main.c:605:13:MX_GPIO_Init	40	static
../Core/Src/main.c:679:6:ADC1_configuration	8	static,ignoring_inline_asm
../Core/Src/main.c:745:6:TIM1_configuration	8	static
../Core/Src/main.c:782:6:TIM2_configuration	8	static
../Core/Src/main.c:818:6:TIM15_additional_configuration	8	static
../Core/Src/main.c:832:6:TIM16_additional_configuration	4	static
../Core/Src/main.c:838:6:TIM17_additional_configuration	4	static
../Core/Src/main.c:844:6:USART3_additional_configuration	4	static
../Core/Src/main.c:882:6:timerForSendDataCallback	16	static
../Core/Src/main.c:896:6:psMeasure	56	static,ignoring_inline_asm
../Core/Src/main.c:943:6:pc13LedCntrl	24	static,ignoring_inline_asm
../Core/Src/main.c:980:6:pc14LedCntrl	24	static,ignoring_inline_asm
../Core/Src/main.c:1017:6:espCommunication	200	dynamic,ignoring_inline_asm
../Core/Src/main.c:1247:6:encoderR	16	static,ignoring_inline_asm
../Core/Src/main.c:1287:6:encoderL	16	static,ignoring_inline_asm
../Core/Src/main.c:1331:6:softwarePWMR	56	static
../Core/Src/main.c:1407:6:softwarePWML	56	static
../Core/Src/main.c:1484:6:HAL_TIM_PeriodElapsedCallback	16	static
../Core/Src/main.c:1501:6:Error_Handler	4	static,ignoring_inline_asm
