../Core/Src/stm32f3xx_it.c:82:6:NMI_Handler	4	static
../Core/Src/stm32f3xx_it.c:97:6:HardFault_Handler	16	static
../Core/Src/stm32f3xx_it.c:119:6:MemManage_Handler	4	static
../Core/Src/stm32f3xx_it.c:134:6:BusFault_Handler	4	static
../Core/Src/stm32f3xx_it.c:149:6:UsageFault_Handler	4	static
../Core/Src/stm32f3xx_it.c:164:6:DebugMon_Handler	4	static
../Core/Src/stm32f3xx_it.c:184:6:DMA1_Channel2_IRQHandler	8	static
../Core/Src/stm32f3xx_it.c:199:6:DMA1_Channel3_IRQHandler	8	static
../Core/Src/stm32f3xx_it.c:213:6:TIM1_TRG_COM_TIM17_IRQHandler	8	static
../Core/Src/stm32f3xx_it.c:231:6:EXTI15_10_IRQHandler	8	static
../Core/Src/stm32f3xx_it.c:246:6:TIM6_DAC_IRQHandler	8	static
../Core/Src/stm32f3xx_it.c:258:6:DMA1_Channel1_IRQHandler	4	static,ignoring_inline_asm
../Core/Src/stm32f3xx_it.c:265:6:ADC1_IRQHandler	4	static,ignoring_inline_asm
../Core/Src/stm32f3xx_it.c:272:6:TIM1_UP_TIM16_IRQHandler	4	static
../Core/Src/stm32f3xx_it.c:280:6:TIM2_IRQHandler	4	static
../Core/Src/stm32f3xx_it.c:286:6:TIM1_BRK_TIM15_IRQHandler	4	static,ignoring_inline_asm
