../Core/Src/stm32f3xx_it.c:78:6:NMI_Handler	4	static
../Core/Src/stm32f3xx_it.c:93:6:HardFault_Handler	4	static
../Core/Src/stm32f3xx_it.c:108:6:MemManage_Handler	4	static
../Core/Src/stm32f3xx_it.c:123:6:BusFault_Handler	4	static
../Core/Src/stm32f3xx_it.c:138:6:UsageFault_Handler	4	static
../Core/Src/stm32f3xx_it.c:153:6:DebugMon_Handler	4	static
../Core/Src/stm32f3xx_it.c:173:6:TIM1_TRG_COM_TIM17_IRQHandler	8	static
../Core/Src/stm32f3xx_it.c:191:6:EXTI15_10_IRQHandler	8	static
../Core/Src/stm32f3xx_it.c:206:6:TIM6_DAC_IRQHandler	8	static
../Core/Src/stm32f3xx_it.c:218:6:DMA1_Channel1_IRQHandler	4	static,ignoring_inline_asm
../Core/Src/stm32f3xx_it.c:225:6:ADC1_IRQHandler	4	static,ignoring_inline_asm
../Core/Src/stm32f3xx_it.c:232:6:TIM1_UP_TIM16_IRQHandler	4	static
../Core/Src/stm32f3xx_it.c:310:6:TIM2_IRQHandler	4	static,ignoring_inline_asm
